Component: ARM Compiler 5.06 update 7 (build 960) Tool: armlink [4d3601]

==============================================================================

Section Cross References

    startup_stm32f10x_md.o(RESET) refers to startup_stm32f10x_md.o(STACK) for __initial_sp
    startup_stm32f10x_md.o(RESET) refers to startup_stm32f10x_md.o(.text) for Reset_Handler
    startup_stm32f10x_md.o(RESET) refers to stm32f10x_it.o(i.NMI_Handler) for NMI_Handler
    startup_stm32f10x_md.o(RESET) refers to stm32f10x_it.o(i.HardFault_Handler) for HardFault_Handler
    startup_stm32f10x_md.o(RESET) refers to stm32f10x_it.o(i.MemManage_Handler) for MemManage_Handler
    startup_stm32f10x_md.o(RESET) refers to stm32f10x_it.o(i.BusFault_Handler) for BusFault_Handler
    startup_stm32f10x_md.o(RESET) refers to stm32f10x_it.o(i.UsageFault_Handler) for UsageFault_Handler
    startup_stm32f10x_md.o(RESET) refers to stm32f10x_it.o(i.SVC_Handler) for SVC_Handler
    startup_stm32f10x_md.o(RESET) refers to stm32f10x_it.o(i.DebugMon_Handler) for DebugMon_Handler
    startup_stm32f10x_md.o(RESET) refers to stm32f10x_it.o(i.PendSV_Handler) for PendSV_Handler
    startup_stm32f10x_md.o(RESET) refers to stm32f10x_it.o(i.SysTick_Handler) for SysTick_Handler
    startup_stm32f10x_md.o(RESET) refers to timer.o(i.TIM4_IRQHandler) for TIM4_IRQHandler
    startup_stm32f10x_md.o(RESET) refers to usart.o(i.USART1_IRQHandler) for USART1_IRQHandler
    startup_stm32f10x_md.o(RESET) refers to usart.o(i.USART3_IRQHandler) for USART3_IRQHandler
    startup_stm32f10x_md.o(.text) refers to system_stm32f10x.o(i.SystemInit) for SystemInit
    startup_stm32f10x_md.o(.text) refers to entry.o(.ARM.Collect$$$$00000000) for __main
    system_stm32f10x.o(i.SetSysClock) refers to system_stm32f10x.o(i.SetSysClockTo72) for SetSysClockTo72
    system_stm32f10x.o(i.SystemCoreClockUpdate) refers to system_stm32f10x.o(.data) for SystemCoreClock
    system_stm32f10x.o(i.SystemInit) refers to system_stm32f10x.o(i.SetSysClock) for SetSysClock
    stm32f10x_adc.o(i.ADC_DeInit) refers to stm32f10x_rcc.o(i.RCC_APB2PeriphResetCmd) for RCC_APB2PeriphResetCmd
    stm32f10x_bkp.o(i.BKP_DeInit) refers to stm32f10x_rcc.o(i.RCC_BackupResetCmd) for RCC_BackupResetCmd
    stm32f10x_can.o(i.CAN_DeInit) refers to stm32f10x_rcc.o(i.RCC_APB1PeriphResetCmd) for RCC_APB1PeriphResetCmd
    stm32f10x_can.o(i.CAN_GetITStatus) refers to stm32f10x_can.o(i.CheckITStatus) for CheckITStatus
    stm32f10x_cec.o(i.CEC_DeInit) refers to stm32f10x_rcc.o(i.RCC_APB1PeriphResetCmd) for RCC_APB1PeriphResetCmd
    stm32f10x_dac.o(i.DAC_DeInit) refers to stm32f10x_rcc.o(i.RCC_APB1PeriphResetCmd) for RCC_APB1PeriphResetCmd
    stm32f10x_flash.o(i.FLASH_EnableWriteProtection) refers to stm32f10x_flash.o(i.FLASH_WaitForLastOperation) for FLASH_WaitForLastOperation
    stm32f10x_flash.o(i.FLASH_EraseAllBank1Pages) refers to stm32f10x_flash.o(i.FLASH_WaitForLastBank1Operation) for FLASH_WaitForLastBank1Operation
    stm32f10x_flash.o(i.FLASH_EraseAllPages) refers to stm32f10x_flash.o(i.FLASH_WaitForLastOperation) for FLASH_WaitForLastOperation
    stm32f10x_flash.o(i.FLASH_EraseOptionBytes) refers to stm32f10x_flash.o(i.FLASH_GetReadOutProtectionStatus) for FLASH_GetReadOutProtectionStatus
    stm32f10x_flash.o(i.FLASH_EraseOptionBytes) refers to stm32f10x_flash.o(i.FLASH_WaitForLastOperation) for FLASH_WaitForLastOperation
    stm32f10x_flash.o(i.FLASH_ErasePage) refers to stm32f10x_flash.o(i.FLASH_WaitForLastOperation) for FLASH_WaitForLastOperation
    stm32f10x_flash.o(i.FLASH_ProgramHalfWord) refers to stm32f10x_flash.o(i.FLASH_WaitForLastOperation) for FLASH_WaitForLastOperation
    stm32f10x_flash.o(i.FLASH_ProgramOptionByteData) refers to stm32f10x_flash.o(i.FLASH_WaitForLastOperation) for FLASH_WaitForLastOperation
    stm32f10x_flash.o(i.FLASH_ProgramWord) refers to stm32f10x_flash.o(i.FLASH_WaitForLastOperation) for FLASH_WaitForLastOperation
    stm32f10x_flash.o(i.FLASH_ReadOutProtection) refers to stm32f10x_flash.o(i.FLASH_WaitForLastOperation) for FLASH_WaitForLastOperation
    stm32f10x_flash.o(i.FLASH_UserOptionByteConfig) refers to stm32f10x_flash.o(i.FLASH_WaitForLastOperation) for FLASH_WaitForLastOperation
    stm32f10x_flash.o(i.FLASH_WaitForLastBank1Operation) refers to stm32f10x_flash.o(i.FLASH_GetBank1Status) for FLASH_GetBank1Status
    stm32f10x_flash.o(i.FLASH_WaitForLastOperation) refers to stm32f10x_flash.o(i.FLASH_GetBank1Status) for FLASH_GetBank1Status
    stm32f10x_gpio.o(i.GPIO_AFIODeInit) refers to stm32f10x_rcc.o(i.RCC_APB2PeriphResetCmd) for RCC_APB2PeriphResetCmd
    stm32f10x_gpio.o(i.GPIO_DeInit) refers to stm32f10x_rcc.o(i.RCC_APB2PeriphResetCmd) for RCC_APB2PeriphResetCmd
    stm32f10x_i2c.o(i.I2C_DeInit) refers to stm32f10x_rcc.o(i.RCC_APB1PeriphResetCmd) for RCC_APB1PeriphResetCmd
    stm32f10x_i2c.o(i.I2C_Init) refers to stm32f10x_rcc.o(i.RCC_GetClocksFreq) for RCC_GetClocksFreq
[...]
    Removing stm32f10x_rcc.o(i.RCC_APB1PeriphResetCmd), (32 bytes).
    Removing stm32f10x_rcc.o(i.RCC_APB2PeriphResetCmd), (32 bytes).
    Removing stm32f10x_rcc.o(i.RCC_AdjustHSICalibrationValue), (24 bytes).
    Removing stm32f10x_rcc.o(i.RCC_BackupResetCmd), (12 bytes).
    Removing stm32f10x_rcc.o(i.RCC_ClearFlag), (20 bytes).
    Removing stm32f10x_rcc.o(i.RCC_ClearITPendingBit), (12 bytes).
    Removing stm32f10x_rcc.o(i.RCC_ClockSecuritySystemCmd), (12 bytes).
    Removing stm32f10x_rcc.o(i.RCC_DeInit), (76 bytes).
    Removing stm32f10x_rcc.o(i.RCC_GetFlagStatus), (60 bytes).
    Removing stm32f10x_rcc.o(i.RCC_GetITStatus), (24 bytes).
    Removing stm32f10x_rcc.o(i.RCC_GetSYSCLKSource), (16 bytes).
    Removing stm32f10x_rcc.o(i.RCC_HCLKConfig), (24 bytes).
    Removing stm32f10x_rcc.o(i.RCC_HSEConfig), (76 bytes).
    Removing stm32f10x_rcc.o(i.RCC_HSICmd), (12 bytes).
    Removing stm32f10x_rcc.o(i.RCC_ITConfig), (32 bytes).
    Removing stm32f10x_rcc.o(i.RCC_LSEConfig), (52 bytes).
    Removing stm32f10x_rcc.o(i.RCC_LSICmd), (12 bytes).
    Removing stm32f10x_rcc.o(i.RCC_MCOConfig), (12 bytes).
    Removing stm32f10x_rcc.o(i.RCC_PCLK1Config), (24 bytes).
    Removing stm32f10x_rcc.o(i.RCC_PCLK2Config), (24 bytes).
    Removing stm32f10x_rcc.o(i.RCC_PLLCmd), (12 bytes).
    Removing stm32f10x_rcc.o(i.RCC_PLLConfig), (28 bytes).
    Removing stm32f10x_rcc.o(i.RCC_RTCCLKCmd), (12 bytes).
    Removing stm32f10x_rcc.o(i.RCC_RTCCLKConfig), (16 bytes).
    Removing stm32f10x_rcc.o(i.RCC_SYSCLKConfig), (24 bytes).
    Removing stm32f10x_rcc.o(i.RCC_USBCLKConfig), (12 bytes).
    Removing stm32f10x_rcc.o(i.RCC_WaitForHSEStartUp), (56 bytes).
    Removing stm32f10x_rtc.o(i.RTC_ClearFlag), (16 bytes).
    Removing stm32f10x_rtc.o(i.RTC_ClearITPendingBit), (16 bytes).
    Removing stm32f10x_rtc.o(i.RTC_EnterConfigMode), (20 bytes).
    Removing stm32f10x_rtc.o(i.RTC_ExitConfigMode), (20 bytes).
    Removing stm32f10x_rtc.o(i.RTC_GetCounter), (20 bytes).
    Removing stm32f10x_rtc.o(i.RTC_GetDivider), (24 bytes).
    Removing stm32f10x_rtc.o(i.RTC_GetFlagStatus), (24 bytes).
    Removing stm32f10x_rtc.o(i.RTC_GetITStatus), (36 bytes).
    Removing stm32f10x_rtc.o(i.RTC_ITConfig), (32 bytes).
    Removing stm32f10x_rtc.o(i.RTC_SetAlarm), (28 bytes).
    Removing stm32f10x_rtc.o(i.RTC_SetCounter), (28 bytes).
    Removing stm32f10x_rtc.o(i.RTC_SetPrescaler), (32 bytes).
    Removing stm32f10x_rtc.o(i.RTC_WaitForLastTask), (20 bytes).
    Removing stm32f10x_rtc.o(i.RTC_WaitForSynchro), (36 bytes).
    Removing stm32f10x_sdio.o(i.SDIO_CEATAITCmd), (16 bytes).
    Removing stm32f10x_sdio.o(i.SDIO_ClearFlag), (12 bytes).
    Removing stm32f10x_sdio.o(i.SDIO_ClearITPendingBit), (12 bytes).
    Removing stm32f10x_sdio.o(i.SDIO_ClockCmd), (12 bytes).
    Removing stm32f10x_sdio.o(i.SDIO_CmdStructInit), (14 bytes).
    Removing stm32f10x_sdio.o(i.SDIO_CommandCompletionCmd), (12 bytes).
    Removing stm32f10x_sdio.o(i.SDIO_DMACmd), (12 bytes).
    Removing stm32f10x_sdio.o(i.SDIO_DataConfig), (48 bytes).
    Removing stm32f10x_sdio.o(i.SDIO_DataStructInit), (20 bytes).
    Removing stm32f10x_sdio.o(i.SDIO_DeInit), (36 bytes).
    Removing stm32f10x_sdio.o(i.SDIO_GetCommandResponse), (12 bytes).
    Removing stm32f10x_sdio.o(i.SDIO_GetDataCounter), (12 bytes).
    Removing stm32f10x_sdio.o(i.SDIO_GetFIFOCount), (12 bytes).
    Removing stm32f10x_sdio.o(i.SDIO_GetFlagStatus), (24 bytes).
    Removing stm32f10x_sdio.o(i.SDIO_GetITStatus), (24 bytes).
    Removing stm32f10x_sdio.o(i.SDIO_GetPowerState), (16 bytes).
    Removing stm32f10x_sdio.o(i.SDIO_GetResponse), (24 bytes).
    Removing stm32f10x_sdio.o(i.SDIO_ITConfig), (32 bytes).
    Removing stm32f10x_sdio.o(i.SDIO_Init), (48 bytes).
    Removing stm32f10x_sdio.o(i.SDIO_ReadData), (12 bytes).
    Removing stm32f10x_sdio.o(i.SDIO_SendCEATACmd), (12 bytes).
    Removing stm32f10x_sdio.o(i.SDIO_SendCommand), (44 bytes).
    Removing stm32f10x_sdio.o(i.SDIO_SendSDIOSuspendCmd), (12 bytes).
    Removing stm32f10x_sdio.o(i.SDIO_SetPowerState), (28 bytes).
    Removing stm32f10x_sdio.o(i.SDIO_SetSDIOOperation), (12 bytes).
    Removing stm32f10x_sdio.o(i.SDIO_SetSDIOReadWaitMode), (12 bytes).
    Removing stm32f10x_sdio.o(i.SDIO_StartSDIOReadWait), (12 bytes).
    Removing stm32f10x_sdio.o(i.SDIO_StopSDIOReadWait), (12 bytes).
    Removing stm32f10x_sdio.o(i.SDIO_StructInit), (16 bytes).
    Removing stm32f10x_sdio.o(i.SDIO_WriteData), (12 bytes).
    Removing stm32f10x_spi.o(i.I2S_Cmd), (24 bytes).
    Removing stm32f10x_spi.o(i.I2S_Init), (232 bytes).
    Removing stm32f10x_spi.o(i.I2S_StructInit), (20 bytes).
    Removing stm32f10x_spi.o(i.SPI_BiDirectionalLineConfig), (28 bytes).
    Removing stm32f10x_spi.o(i.SPI_CalculateCRC), (24 bytes).
    Removing stm32f10x_spi.o(i.SPI_Cmd), (24 bytes).
    Removing stm32f10x_spi.o(i.SPI_DataSizeConfig), (18 bytes).
    Removing stm32f10x_spi.o(i.SPI_GetCRC), (16 bytes).
    Removing stm32f10x_spi.o(i.SPI_GetCRCPolynomial), (6 bytes).
    Removing stm32f10x_spi.o(i.SPI_I2S_ClearFlag), (6 bytes).
    Removing stm32f10x_spi.o(i.SPI_I2S_ClearITPendingBit), (20 bytes).
    Removing stm32f10x_spi.o(i.SPI_I2S_DMACmd), (18 bytes).
    Removing stm32f10x_spi.o(i.SPI_I2S_DeInit), (88 bytes).
    Removing stm32f10x_spi.o(i.SPI_I2S_GetFlagStatus), (18 bytes).
    Removing stm32f10x_spi.o(i.SPI_I2S_GetITStatus), (52 bytes).
    Removing stm32f10x_spi.o(i.SPI_I2S_ITConfig), (32 bytes).
    Removing stm32f10x_spi.o(i.SPI_I2S_ReceiveData), (6 bytes).
    Removing stm32f10x_spi.o(i.SPI_I2S_SendData), (4 bytes).
    Removing stm32f10x_spi.o(i.SPI_Init), (60 bytes).
    Removing stm32f10x_spi.o(i.SPI_NSSInternalSoftwareConfig), (30 bytes).
    Removing stm32f10x_spi.o(i.SPI_SSOutputCmd), (24 bytes).
    Removing stm32f10x_spi.o(i.SPI_StructInit), (24 bytes).
    Removing stm32f10x_spi.o(i.SPI_TransmitCRC), (10 bytes).
    Removing stm32f10x_tim.o(i.TIM_ARRPreloadConfig), (24 bytes).
    Removing stm32f10x_tim.o(i.TIM_BDTRConfig), (32 bytes).
    Removing stm32f10x_tim.o(i.TIM_BDTRStructInit), (18 bytes).
    Removing stm32f10x_tim.o(i.TIM_CCPreloadControl), (24 bytes).
    Removing stm32f10x_tim.o(i.TIM_CCxCmd), (30 bytes).
    Removing stm32f10x_tim.o(i.TIM_CCxNCmd), (30 bytes).
    Removing stm32f10x_tim.o(i.TIM_ClearFlag), (6 bytes).
    Removing stm32f10x_tim.o(i.TIM_ClearOC1Ref), (18 bytes).
    Removing stm32f10x_tim.o(i.TIM_ClearOC2Ref), (24 bytes).
    Removing stm32f10x_tim.o(i.TIM_ClearOC3Ref), (18 bytes).
    Removing stm32f10x_tim.o(i.TIM_ClearOC4Ref), (24 bytes).
    Removing stm32f10x_tim.o(i.TIM_CounterModeConfig), (18 bytes).
    Removing stm32f10x_tim.o(i.TIM_DMACmd), (18 bytes).
    Removing stm32f10x_tim.o(i.TIM_DMAConfig), (10 bytes).
    Removing stm32f10x_tim.o(i.TIM_DeInit), (488 bytes).
    Removing stm32f10x_tim.o(i.TIM_ETRClockMode1Config), (54 bytes).
    Removing stm32f10x_tim.o(i.TIM_ETRClockMode2Config), (32 bytes).
    Removing stm32f10x_tim.o(i.TIM_ETRConfig), (28 bytes).
    Removing stm32f10x_tim.o(i.TIM_ForcedOC1Config), (18 bytes).
    Removing stm32f10x_tim.o(i.TIM_ForcedOC2Config), (26 bytes).
    Removing stm32f10x_tim.o(i.TIM_ForcedOC3Config), (18 bytes).
    Removing stm32f10x_tim.o(i.TIM_ForcedOC4Config), (26 bytes).
    Removing stm32f10x_tim.o(i.TIM_GenerateEvent), (4 bytes).
    Removing stm32f10x_tim.o(i.TIM_GetCapture1), (6 bytes).
    Removing stm32f10x_tim.o(i.TIM_GetCapture2), (6 bytes).
    Removing stm32f10x_tim.o(i.TIM_GetCapture3), (6 bytes).
    Removing stm32f10x_tim.o(i.TIM_GetCapture4), (8 bytes).
    Removing stm32f10x_tim.o(i.TIM_GetFlagStatus), (18 bytes).
    Removing stm32f10x_tim.o(i.TIM_GetPrescaler), (6 bytes).
    Removing stm32f10x_tim.o(i.TIM_ITRxExternalClockConfig), (24 bytes).
    Removing stm32f10x_tim.o(i.TIM_InternalClockConfig), (12 bytes).
    Removing stm32f10x_tim.o(i.TIM_OC1FastConfig), (18 bytes).
    Removing stm32f10x_tim.o(i.TIM_OC1NPolarityConfig), (18 bytes).
    Removing stm32f10x_tim.o(i.TIM_OC1PolarityConfig), (18 bytes).
    Removing stm32f10x_tim.o(i.TIM_OC2FastConfig), (26 bytes).
    Removing stm32f10x_tim.o(i.TIM_OC2NPolarityConfig), (26 bytes).
    Removing stm32f10x_tim.o(i.TIM_OC2PolarityConfig), (26 bytes).
    Removing stm32f10x_tim.o(i.TIM_OC3FastConfig), (18 bytes).
    Removing stm32f10x_tim.o(i.TIM_OC3NPolarityConfig), (26 bytes).
    Removing stm32f10x_tim.o(i.TIM_OC3PolarityConfig), (26 bytes).
    Removing stm32f10x_tim.o(i.TIM_OC4FastConfig), (26 bytes).
    Removing stm32f10x_tim.o(i.TIM_OC4PolarityConfig), (26 bytes).
    Removing stm32f10x_tim.o(i.TIM_OCStructInit), (20 bytes).
    Removing stm32f10x_tim.o(i.TIM_PWMIConfig), (124 bytes).
    Removing stm32f10x_tim.o(i.TIM_PrescalerConfig), (6 bytes).
    Removing stm32f10x_tim.o(i.TIM_SelectCCDMA), (24 bytes).
    Removing stm32f10x_tim.o(i.TIM_SelectCOM), (24 bytes).
    Removing stm32f10x_tim.o(i.TIM_SelectHallSensor), (24 bytes).
    Removing stm32f10x_tim.o(i.TIM_SelectInputTrigger), (18 bytes).
    Removing stm32f10x_tim.o(i.TIM_SelectMasterSlaveMode), (18 bytes).
    Removing stm32f10x_tim.o(i.TIM_SelectOCxM), (82 bytes).
    Removing stm32f10x_tim.o(i.TIM_SelectOnePulseMode), (18 bytes).
    Removing stm32f10x_tim.o(i.TIM_SelectOutputTrigger), (18 bytes).
    Removing stm32f10x_tim.o(i.TIM_SelectSlaveMode), (18 bytes).
    Removing stm32f10x_tim.o(i.TIM_SetAutoreload), (4 bytes).
    Removing stm32f10x_tim.o(i.TIM_SetClockDivision), (18 bytes).
    Removing stm32f10x_tim.o(i.TIM_TIxExternalClockConfig), (62 bytes).
    Removing stm32f10x_tim.o(i.TIM_TimeBaseStructInit), (18 bytes).
    Removing stm32f10x_tim.o(i.TIM_UpdateDisableConfig), (24 bytes).
    Removing stm32f10x_tim.o(i.TIM_UpdateRequestConfig), (24 bytes).
    Removing stm32f10x_usart.o(i.USART_ClockInit), (34 bytes).
    Removing stm32f10x_usart.o(i.USART_ClockStructInit), (12 bytes).
    Removing stm32f10x_usart.o(i.USART_DMACmd), (18 bytes).
    Removing stm32f10x_usart.o(i.USART_DeInit), (156 bytes).
    Removing stm32f10x_usart.o(i.USART_GetFlagStatus), (26 bytes).
    Removing stm32f10x_usart.o(i.USART_HalfDuplexCmd), (24 bytes).
    Removing stm32f10x_usart.o(i.USART_IrDACmd), (24 bytes).
    Removing stm32f10x_usart.o(i.USART_IrDAConfig), (18 bytes).
    Removing stm32f10x_usart.o(i.USART_LINBreakDetectLengthConfig), (18 bytes).
    Removing stm32f10x_usart.o(i.USART_LINCmd), (24 bytes).
    Removing stm32f10x_usart.o(i.USART_OneBitMethodCmd), (24 bytes).
    Removing stm32f10x_usart.o(i.USART_OverSampling8Cmd), (22 bytes).
    Removing stm32f10x_usart.o(i.USART_ReceiverWakeUpCmd), (24 bytes).
    Removing stm32f10x_usart.o(i.USART_SendBreak), (10 bytes).
    Removing stm32f10x_usart.o(i.USART_SendData), (8 bytes).
    Removing stm32f10x_usart.o(i.USART_SetAddress), (18 bytes).
    Removing stm32f10x_usart.o(i.USART_SetGuardTime), (16 bytes).
    Removing stm32f10x_usart.o(i.USART_SetPrescaler), (16 bytes).
    Removing stm32f10x_usart.o(i.USART_SmartCardCmd), (24 bytes).
    Removing stm32f10x_usart.o(i.USART_SmartCardNACKCmd), (24 bytes).
    Removing stm32f10x_usart.o(i.USART_StructInit), (24 bytes).
    Removing stm32f10x_usart.o(i.USART_WakeUpConfig), (18 bytes).
    Removing stm32f10x_wwdg.o(i.WWDG_ClearFlag), (12 bytes).
    Removing stm32f10x_wwdg.o(i.WWDG_DeInit), (22 bytes).
    Removing stm32f10x_wwdg.o(i.WWDG_Enable), (16 bytes).
    Removing stm32f10x_wwdg.o(i.WWDG_EnableIT), (12 bytes).
    Removing stm32f10x_wwdg.o(i.WWDG_GetFlagStatus), (12 bytes).
    Removing stm32f10x_wwdg.o(i.WWDG_SetCounter), (16 bytes).
    Removing stm32f10x_wwdg.o(i.WWDG_SetPrescaler), (24 bytes).
    Removing stm32f10x_wwdg.o(i.WWDG_SetWindowValue), (40 bytes).
    Removing usart.o(i.Send_String), (48 bytes).
    Removing usart.o(i.Send_Usart_String), (48 bytes).
    Removing iic.o(i.iic_sendAck), (24 bytes).
    Removing iic.o(i.read_data), (54 bytes).
    Removing tb6612.o(i.Set_CarLeftBuck_CarRightForward), (104 bytes).
    Removing tb6612.o(i.Set_CarLeftForward_CarRightBuck), (104 bytes).
    Removing tb6612.o(i.Set_CarRetreat), (52 bytes).
    Removing joint.o(i.Joint_Init), (148 bytes).
    Removing joint.o(i.PWM_SetCompare3), (20 bytes).
    Removing joint.o(i.Set_Joint_Angle), (60 bytes).
    Removing pac9685.o(i.PCA9685_Read), (72 bytes).

438 unused section(s) (total 17404 bytes) removed from the image.

==============================================================================

Image Symbol Table

    Local Symbols

    Symbol Name                              Value     Ov Type        Size  Object(Section)

    ../clib/microlib/errno.c                 0x00000000   Number         0  errno.o ABSOLUTE
    ../clib/microlib/init/entry.s            0x00000000   Number         0  entry10b.o ABSOLUTE
    ../clib/microlib/init/entry.s            0x00000000   Number         0  entry11a.o ABSOLUTE
    ../clib/microlib/init/entry.s            0x00000000   Number         0  entry11b.o ABSOLUTE
    ../clib/microlib/init/entry.s            0x00000000   Number         0  entry12a.o ABSOLUTE
    ../clib/microlib/init/entry.s            0x00000000   Number         0  entry12b.o ABSOLUTE
    ../clib/microlib/init/entry.s            0x00000000   Number         0  entry2.o ABSOLUTE
    ../clib/microlib/init/entry.s            0x00000000   Number         0  entry5.o ABSOLUTE
    ../clib/microlib/init/entry.s            0x00000000   Number         0  entry7a.o ABSOLUTE
    ../clib/microlib/init/entry.s            0x00000000   Number         0  entry10a.o ABSOLUTE
    ../clib/microlib/init/entry.s            0x00000000   Number         0  entry9b.o ABSOLUTE
    ../clib/microlib/init/entry.s            0x00000000   Number         0  entry7b.o ABSOLUTE
    ../clib/microlib/init/entry.s            0x00000000   Number         0  entry8a.o ABSOLUTE
    ../clib/microlib/init/entry.s            0x00000000   Number         0  entry8b.o ABSOLUTE
    ../clib/microlib/init/entry.s            0x00000000   Number         0  entry9a.o ABSOLUTE
    ../clib/microlib/init/entry.s            0x00000000   Number         0  entry.o ABSOLUTE
    ../clib/microlib/longlong.c              0x00000000   Number         0  llshl.o ABSOLUTE
    ../clib/microlib/longlong.c              0x00000000   Number         0  llsshr.o ABSOLUTE
    ../clib/microlib/longlong.c              0x00000000   Number         0  llushr.o ABSOLUTE
    ../clib/microlib/string/strcmp.c         0x00000000   Number         0  strcmp.o ABSOLUTE
    ../clib/microlib/string/strcpy.c         0x00000000   Number         0  strcpy.o ABSOLUTE
    ../clib/microlib/stubs.s                 0x00000000   Number         0  iusefp.o ABSOLUTE
    ../fplib/microlib/fpadd.c                0x00000000   Number         0  fadd.o ABSOLUTE
    ../fplib/microlib/fpadd.c                0x00000000   Number         0  dadd.o ABSOLUTE
    ../fplib/microlib/fpdiv.c                0x00000000   Number         0  fdiv.o ABSOLUTE
    ../fplib/microlib/fpdiv.c                0x00000000   Number         0  ddiv.o ABSOLUTE
    ../fplib/microlib/fpepilogue.c           0x00000000   Number         0  depilogue.o ABSOLUTE
    ../fplib/microlib/fpepilogue.c           0x00000000   Number         0  fepilogue.o ABSOLUTE
    ../fplib/microlib/fpfix.c                0x00000000   Number         0  dfixui.o ABSOLUTE
    ../fplib/microlib/fpfix.c                0x00000000   Number         0  ffixui.o ABSOLUTE
    ../fplib/microlib/fpfix.c                0x00000000   Number         0  ffixi.o ABSOLUTE
    ../fplib/microlib/fpflt.c                0x00000000   Number         0  dfltui.o ABSOLUTE
    ../fplib/microlib/fpflt.c                0x00000000   Number         0  dflti.o ABSOLUTE
    ../fplib/microlib/fpflt.c                0x00000000   Number         0  fflti.o ABSOLUTE
    ../fplib/microlib/fpmul.c                0x00000000   Number         0  fmul.o ABSOLUTE
    ../fplib/microlib/fpmul.c                0x00000000   Number         0  dmul.o ABSOLUTE
    ../fplib/microlib/fpscalb.c              0x00000000   Number         0  dscalb.o ABSOLUTE
    ../fplib/microlib/fpsqrt.c               0x00000000   Number         0  dsqrt.o ABSOLUTE
    ../mathlib/acos.c                        0x00000000   Number         0  acos_x.o ABSOLUTE
    ../mathlib/acos.c                        0x00000000   Number         0  acos.o ABSOLUTE
    ../mathlib/dunder.c                      0x00000000   Number         0  dunder.o ABSOLUTE
    ../mathlib/poly.c                        0x00000000   Number         0  poly.o ABSOLUTE
    ../mathlib/sqrt.c                        0x00000000   Number         0  sqrt_x.o ABSOLUTE
    ../mathlib/sqrt.c                        0x00000000   Number         0  sqrt.o ABSOLUTE
    Hardware\MPU6050.c                       0x00000000   Number         0  mpu6050.o ABSOLUTE
    Hardware\PID.c                           0x00000000   Number         0  pid.o ABSOLUTE
    Hardware\Sensor.c                        0x00000000   Number         0  sensor.o ABSOLUTE
    Hardware\joint.c                         0x00000000   Number         0  joint.o ABSOLUTE
    Hardware\openMV.c                        0x00000000   Number         0  openmv.o ABSOLUTE
    Hardware\pac9685.c                       0x00000000   Number         0  pac9685.o ABSOLUTE
    Hardware\tb6612.c                        0x00000000   Number         0  tb6612.o ABSOLUTE
    Library\misc.c                           0x00000000   Number         0  misc.o ABSOLUTE
    Library\stm32f10x_adc.c                  0x00000000   Number         0  stm32f10x_adc.o ABSOLUTE
    Library\stm32f10x_bkp.c                  0x00000000   Number         0  stm32f10x_bkp.o ABSOLUTE
    Library\stm32f10x_can.c                  0x00000000   Number         0  stm32f10x_can.o ABSOLUTE
    Library\stm32f10x_cec.c                  0x00000000   Number         0  stm32f10x_cec.o ABSOLUTE
    Library\stm32f10x_crc.c                  0x00000000   Number         0  stm32f10x_crc.o ABSOLUTE
    Library\stm32f10x_dac.c                  0x00000000   Number         0  stm32f10x_dac.o ABSOLUTE
    Library\stm32f10x_dbgmcu.c               0x00000000   Number         0  stm32f10x_dbgmcu.o ABSOLUTE
    Library\stm32f10x_dma.c                  0x00000000   Number         0  stm32f10x_dma.o ABSOLUTE
    Library\stm32f10x_exti.c                 0x00000000   Number         0  stm32f10x_exti.o ABSOLUTE
    Library\stm32f10x_flash.c                0x00000000   Number         0  stm32f10x_flash.o ABSOLUTE
    Library\stm32f10x_fsmc.c                 0x00000000   Number         0  stm32f10x_fsmc.o ABSOLUTE
    Library\stm32f10x_gpio.c                 0x00000000   Number         0  stm32f10x_gpio.o ABSOLUTE
    Library\stm32f10x_i2c.c                  0x00000000   Number         0  stm32f10x_i2c.o ABSOLUTE
    Library\stm32f10x_iwdg.c                 0x00000000   Number         0  stm32f10x_iwdg.o ABSOLUTE
    Library\stm32f10x_pwr.c                  0x00000000   Number         0  stm32f10x_pwr.o ABSOLUTE
    Library\stm32f10x_rcc.c                  0x00000000   Number         0  stm32f10x_rcc.o ABSOLUTE
    Library\stm32f10x_rtc.c                  0x00000000   Number         0  stm32f10x_rtc.o ABSOLUTE
    Library\stm32f10x_sdio.c                 0x00000000   Number         0  stm32f10x_sdio.o ABSOLUTE
    Library\stm32f10x_spi.c                  0x00000000   Number         0  stm32f10x_spi.o ABSOLUTE
    Library\stm32f10x_tim.c                  0x00000000   Number         0  stm32f10x_tim.o ABSOLUTE
    Library\stm32f10x_usart.c                0x00000000   Number         0  stm32f10x_usart.o ABSOLUTE
    Library\stm32f10x_wwdg.c                 0x00000000   Number         0  stm32f10x_wwdg.o ABSOLUTE
    Start\\core_cm3.c                        0x00000000   Number         0  core_cm3.o ABSOLUTE
    Start\core_cm3.c                         0x00000000   Number         0  core_cm3.o ABSOLUTE
    Start\startup_stm32f10x_md.s             0x00000000   Number         0  startup_stm32f10x_md.o ABSOLUTE
    Start\system_stm32f10x.c                 0x00000000   Number         0  system_stm32f10x.o ABSOLUTE
    System\Delay.c                           0x00000000   Number         0  delay.o ABSOLUTE
    System\Timer.c                           0x00000000   Number         0  timer.o ABSOLUTE
    System\Usart.c                           0x00000000   Number         0  usart.o ABSOLUTE
    System\iic.c                             0x00000000   Number         0  iic.o ABSOLUTE
    System\iic2.c                            0x00000000   Number         0  iic2.o ABSOLUTE
    System\pwm.c                             0x00000000   Number         0  pwm.o ABSOLUTE
    User\main.c                              0x00000000   Number         0  main.o ABSOLUTE
    User\stm32f10x_it.c                      0x00000000   Number         0  stm32f10x_it.o ABSOLUTE
    cdcmple.s                                0x00000000   Number         0  cdcmple.o ABSOLUTE
    cdrcmple.s                               0x00000000   Number         0  cdrcmple.o ABSOLUTE
    dc.s                                     0x00000000   Number         0  dc.o ABSOLUTE
    handlers.s                               0x00000000   Number         0  handlers.o ABSOLUTE
    init.s                                   0x00000000   Number         0  init.o ABSOLUTE
    RESET                                    0x08000000   Section      236  startup_stm32f10x_md.o(RESET)
    .ARM.Collect$$$$00000000                 0x080000ec   Section        0  entry.o(.ARM.Collect$$$$00000000)
    .ARM.Collect$$$$00000001                 0x080000ec   Section        4  entry2.o(.ARM.Collect$$$$00000001)
    .ARM.Collect$$$$00000004                 0x080000f0   Section        4  entry5.o(.ARM.Collect$$$$00000004)
    .ARM.Collect$$$$00000008                 0x080000f4   Section        0  entry7b.o(.ARM.Collect$$$$00000008)
    .ARM.Collect$$$$0000000A                 0x080000f4   Section        0  entry8b.o(.ARM.Collect$$$$0000000A)
    .ARM.Collect$$$$0000000B                 0x080000f4   Section        8  entry9a.o(.ARM.Collect$$$$0000000B)
    .ARM.Collect$$$$0000000E                 0x080000fc   Section        4  entry12b.o(.ARM.Collect$$$$0000000E)
    .ARM.Collect$$$$0000000F                 0x08000100   Section        0  entry10a.o(.ARM.Collect$$$$0000000F)
    .ARM.Collect$$$$00000011                 0x08000100   Section        0  entry11a.o(.ARM.Collect$$$$00000011)
    .ARM.Collect$$$$00002712                 0x08000100   Section        4  entry2.o(.ARM.Collect$$$$00002712)
    __lit__00000000                          0x08000100   Data           4  entry2.o(.ARM.Collect$$$$00002712)
    .text                                    0x08000104   Section       36  startup_stm32f10x_md.o(.text)
    .text                                    0x08000128   Section        0  strcmp.o(.text)
    .text                                    0x08000144   Section        0  strcpy.o(.text)
    .text                                    0x08000156   Section        0  fadd.o(.text)
    .text                                    0x08000206   Section        0  fmul.o(.text)
    .text                                    0x0800026a   Section        0  fdiv.o(.text)
    .text                                    0x080002e6   Section        0  dadd.o(.text)
    .text                                    0x08000434   Section        0  dmul.o(.text)
    .text                                    0x08000518   Section        0  ddiv.o(.text)
    .text                                    0x080005f6   Section        0  fflti.o(.text)
    .text                                    0x08000608   Section        0  dflti.o(.text)
    .text                                    0x0800062a   Section        0  dfltui.o(.text)
    .text                                    0x08000644   Section        0  ffixi.o(.text)
    .text                                    0x08000676   Section        0  ffixui.o(.text)
    .text                                    0x0800069e   Section        0  dfixui.o(.text)
    .text                                    0x080006d0   Section       48  cdcmple.o(.text)
    .text                                    0x08000700   Section       48  cdrcmple.o(.text)
    .text                                    0x08000730   Section        0  llshl.o(.text)
    .text                                    0x0800074e   Section        0  llushr.o(.text)
    .text                                    0x0800076e   Section        0  llsshr.o(.text)
    .text                                    0x08000792   Section        0  fepilogue.o(.text)
    .text                                    0x08000792   Section        0  iusefp.o(.text)
    .text                                    0x08000800   Section        0  depilogue.o(.text)
    .text                                    0x080008ba   Section        0  dscalb.o(.text)
    .text                                    0x080008e8   Section       36  init.o(.text)
    .text                                    0x0800090c   Section        0  dsqrt.o(.text)
    i.BusFault_Handler                       0x080009ae   Section        0  stm32f10x_it.o(i.BusFault_Handler)
    i.DebugMon_Handler                       0x080009b2   Section        0  stm32f10x_it.o(i.DebugMon_Handler)
    i.Delay_ms                               0x080009b4   Section        0  delay.o(i.Delay_ms)
    i.Delay_s                                0x080009cc   Section        0  delay.o(i.Delay_s)
    i.Delay_us                               0x080009e4   Section        0  delay.o(i.Delay_us)
    i.GPIO_Init                              0x08000a12   Section        0  stm32f10x_gpio.o(i.GPIO_Init)
    i.GPIO_PinRemapConfig                    0x08000b28   Section        0  stm32f10x_gpio.o(i.GPIO_PinRemapConfig)
    i.GPIO_ReadInputDataBit                  0x08000bb8   Section        0  stm32f10x_gpio.o(i.GPIO_ReadInputDataBit)
    i.GPIO_ResetBits                         0x08000bca   Section        0  stm32f10x_gpio.o(i.GPIO_ResetBits)
    i.GPIO_SetBits                           0x08000bce   Section        0  stm32f10x_gpio.o(i.GPIO_SetBits)
    i.GPIO_WriteBit                          0x08000bd2   Section        0  stm32f10x_gpio.o(i.GPIO_WriteBit)
    i.HardFault_Handler                      0x08000bdc   Section        0  stm32f10x_it.o(i.HardFault_Handler)
    i.Left_Encoder_Get                       0x08000be0   Section        0  timer.o(i.Left_Encoder_Get)
    i.MPU6050_Get_Angle                      0x08000bfc   Section        0  mpu6050.o(i.MPU6050_Get_Angle)
    i.MPU6050_Get_Data                       0x08000cb8   Section        0  mpu6050.o(i.MPU6050_Get_Data)
    i.MPU6050_Init                           0x08000cda   Section        0  mpu6050.o(i.MPU6050_Init)
    i.MPU6050_Read_Reg                       0x08000d0a   Section        0  mpu6050.o(i.MPU6050_Read_Reg)
    i.MPU6050_Status                         0x08000d48   Section        0  mpu6050.o(i.MPU6050_Status)
    i.MPU6050_Write_Reg                      0x08000de4   Section        0  mpu6050.o(i.MPU6050_Write_Reg)
    i.MemManage_Handler                      0x08000e12   Section        0  stm32f10x_it.o(i.MemManage_Handler)
    i.NMI_Handler                            0x08000e16   Section        0  stm32f10x_it.o(i.NMI_Handler)
    i.NVIC_Init                              0x08000e18   Section        0  misc.o(i.NVIC_Init)
    i.NVIC_PriorityGroupConfig               0x08000e88   Section        0  misc.o(i.NVIC_PriorityGroupConfig)
    i.OpenMVFind                             0x08000e9c   Section        0  openmv.o(i.OpenMVFind)
    i.OpenMV_Get_SensorState                 0x08000f90   Section        0  openmv.o(i.OpenMV_Get_SensorState)
    i.OpenMV_Set_Countstatus                 0x08000fc8   Section        0  openmv.o(i.OpenMV_Set_Countstatus)
    i.PCA0685_work                           0x08001274   Section        0  pac9685.o(i.PCA0685_work)
    i.PCA9685_Init                           0x0800130c   Section        0  pac9685.o(i.PCA9685_Init)
    i.PCA9685_Write                          0x08001326   Section        0  pac9685.o(i.PCA9685_Write)
    i.PCA9685_setAngle                       0x08001354   Section        0  pac9685.o(i.PCA9685_setAngle)
    i.PCA9685_setFreq                        0x080013a0   Section        0  pac9685.o(i.PCA9685_setFreq)
    i.PCA9685_setPWM                         0x08001428   Section        0  pac9685.o(i.PCA9685_setPWM)
    i.PID_Left_Computer                      0x08001480   Section        0  pid.o(i.PID_Left_Computer)
    i.PID_Right_Computer                     0x0800158c   Section        0  pid.o(i.PID_Right_Computer)
    i.PendSV_Handler                         0x08001698   Section        0  stm32f10x_it.o(i.PendSV_Handler)
    i.RCC_APB1PeriphClockCmd                 0x0800169c   Section        0  stm32f10x_rcc.o(i.RCC_APB1PeriphClockCmd)
    i.RCC_APB2PeriphClockCmd                 0x080016bc   Section        0  stm32f10x_rcc.o(i.RCC_APB2PeriphClockCmd)
    i.RCC_GetClocksFreq                      0x080016dc   Section        0  stm32f10x_rcc.o(i.RCC_GetClocksFreq)
    i.Right_Encoder_Get                      0x080017b0   Section        0  timer.o(i.Right_Encoder_Get)
    i.SCL2_W                                 0x080017cc   Section        0  iic2.o(i.SCL2_W)
    i.SCL_W                                  0x080017e8   Section        0  iic.o(i.SCL_W)
    i.SDA2_R                                 0x08001804   Section        0  iic2.o(i.SDA2_R)
    i.SDA2_W                                 0x08001820   Section        0  iic2.o(i.SDA2_W)
    i.SDA_R                                  0x0800183c   Section        0  iic.o(i.SDA_R)
    i.SDA_W                                  0x08001858   Section        0  iic.o(i.SDA_W)
    i.SVC_Handler                            0x08001874   Section        0  stm32f10x_it.o(i.SVC_Handler)
    i.Sensor_Init                            0x08001878   Section        0  sensor.o(i.Sensor_Init)
    i.SetSysClock                            0x080018ac   Section        0  system_stm32f10x.o(i.SetSysClock)
    SetSysClock                              0x080018ad   Thumb Code     8  system_stm32f10x.o(i.SetSysClock)
    i.SetSysClockTo72                        0x080018b4   Section        0  system_stm32f10x.o(i.SetSysClockTo72)
    SetSysClockTo72                          0x080018b5   Thumb Code   214  system_stm32f10x.o(i.SetSysClockTo72)
    i.Set_CarForward                         0x08001994   Section        0  tb6612.o(i.Set_CarForward)
    i.Set_CarStop                            0x080019c8   Section        0  tb6612.o(i.Set_CarStop)
    i.Set_CarTurn                            0x080019fc   Section        0  tb6612.o(i.Set_CarTurn)
    i.SysTick_Handler                        0x08001a10   Section        0  stm32f10x_it.o(i.SysTick_Handler)
    i.SystemInit                             0x08001a14   Section        0  system_stm32f10x.o(i.SystemInit)
    i.TB6612_GPIO_Init                       0x08001a74   Section        0  tb6612.o(i.TB6612_GPIO_Init)
    i.TI1_Config                             0x08001af8   Section        0  stm32f10x_tim.o(i.TI1_Config)
    TI1_Config                               0x08001af9   Thumb Code   108  stm32f10x_tim.o(i.TI1_Config)
    i.TI2_Config                             0x08001b78   Section        0  stm32f10x_tim.o(i.TI2_Config)
    TI2_Config                               0x08001b79   Thumb Code   130  stm32f10x_tim.o(i.TI2_Config)
    i.TI3_Config                             0x08001c10   Section        0  stm32f10x_tim.o(i.TI3_Config)
    TI3_Config                               0x08001c11   Thumb Code   122  stm32f10x_tim.o(i.TI3_Config)
    i.TI4_Config                             0x08001ca0   Section        0  stm32f10x_tim.o(i.TI4_Config)
    TI4_Config                               0x08001ca1   Thumb Code   130  stm32f10x_tim.o(i.TI4_Config)
    i.TIM1_PWM10K_Init                       0x08001d38   Section        0  pwm.o(i.TIM1_PWM10K_Init)
    i.TIM2_Measure_Speed_Init                0x08001e3c   Section        0  timer.o(i.TIM2_Measure_Speed_Init)
    i.TIM3_Measure_Speed_Init                0x08001ed8   Section        0  timer.o(i.TIM3_Measure_Speed_Init)
    i.TIM4_IRQHandler                        0x08001f78   Section        0  timer.o(i.TIM4_IRQHandler)
    i.TIM4_Timer_Init                        0x0800211c   Section        0  timer.o(i.TIM4_Timer_Init)
    i.TIM_ClearITPendingBit                  0x08002180   Section        0  stm32f10x_tim.o(i.TIM_ClearITPendingBit)
    i.TIM_Cmd                                0x08002186   Section        0  stm32f10x_tim.o(i.TIM_Cmd)
    i.TIM_CtrlPWMOutputs                     0x0800219e   Section        0  stm32f10x_tim.o(i.TIM_CtrlPWMOutputs)
    i.TIM_EncoderInterfaceConfig             0x080021bc   Section        0  stm32f10x_tim.o(i.TIM_EncoderInterfaceConfig)
    i.TIM_GetCounter                         0x080021fe   Section        0  stm32f10x_tim.o(i.TIM_GetCounter)
    i.TIM_GetITStatus                        0x08002204   Section        0  stm32f10x_tim.o(i.TIM_GetITStatus)
    i.TIM_ICInit                             0x08002228   Section        0  stm32f10x_tim.o(i.TIM_ICInit)
    i.TIM_ICStructInit                       0x080022d4   Section        0  stm32f10x_tim.o(i.TIM_ICStructInit)
    i.TIM_ITConfig                           0x080022e6   Section        0  stm32f10x_tim.o(i.TIM_ITConfig)
    i.TIM_OC1Init                            0x080022f8   Section        0  stm32f10x_tim.o(i.TIM_OC1Init)
    i.TIM_OC1PreloadConfig                   0x08002390   Section        0  stm32f10x_tim.o(i.TIM_OC1PreloadConfig)
    i.TIM_OC2Init                            0x080023a4   Section        0  stm32f10x_tim.o(i.TIM_OC2Init)
    i.TIM_OC2PreloadConfig                   0x08002448   Section        0  stm32f10x_tim.o(i.TIM_OC2PreloadConfig)
    i.TIM_OC3Init                            0x08002464   Section        0  stm32f10x_tim.o(i.TIM_OC3Init)
    i.TIM_OC3PreloadConfig                   0x08002504   Section        0  stm32f10x_tim.o(i.TIM_OC3PreloadConfig)
    i.TIM_OC4Init                            0x08002518   Section        0  stm32f10x_tim.o(i.TIM_OC4Init)
    i.TIM_OC4PreloadConfig                   0x08002594   Section        0  stm32f10x_tim.o(i.TIM_OC4PreloadConfig)
    i.TIM_SetCompare1                        0x080025ae   Section        0  stm32f10x_tim.o(i.TIM_SetCompare1)
    i.TIM_SetCompare2                        0x080025b2   Section        0  stm32f10x_tim.o(i.TIM_SetCompare2)
    i.TIM_SetCompare3                        0x080025b6   Section        0  stm32f10x_tim.o(i.TIM_SetCompare3)
    i.TIM_SetCompare4                        0x080025ba   Section        0  stm32f10x_tim.o(i.TIM_SetCompare4)
    i.TIM_SetCounter                         0x080025c0   Section        0  stm32f10x_tim.o(i.TIM_SetCounter)
    i.TIM_SetIC1Prescaler                    0x080025c4   Section        0  stm32f10x_tim.o(i.TIM_SetIC1Prescaler)
    i.TIM_SetIC2Prescaler                    0x080025d6   Section        0  stm32f10x_tim.o(i.TIM_SetIC2Prescaler)
    i.TIM_SetIC3Prescaler                    0x080025f0   Section        0  stm32f10x_tim.o(i.TIM_SetIC3Prescaler)
    i.TIM_SetIC4Prescaler                    0x08002602   Section        0  stm32f10x_tim.o(i.TIM_SetIC4Prescaler)
    i.TIM_TimeBaseInit                       0x0800261c   Section        0  stm32f10x_tim.o(i.TIM_TimeBaseInit)
    i.USART1_IRQHandler                      0x080026c0   Section        0  usart.o(i.USART1_IRQHandler)
    i.USART3_IRQHandler                      0x08002718   Section        0  usart.o(i.USART3_IRQHandler)
    i.USART_ClearFlag                        0x08002770   Section        0  stm32f10x_usart.o(i.USART_ClearFlag)
    i.USART_ClearITPendingBit                0x08002782   Section        0  stm32f10x_usart.o(i.USART_ClearITPendingBit)
    i.USART_Cmd                              0x080027a0   Section        0  stm32f10x_usart.o(i.USART_Cmd)
    i.USART_GetITStatus                      0x080027b8   Section        0  stm32f10x_usart.o(i.USART_GetITStatus)
    i.USART_ITConfig                         0x0800280c   Section        0  stm32f10x_usart.o(i.USART_ITConfig)
    i.USART_Init                             0x08002858   Section        0  stm32f10x_usart.o(i.USART_Init)
    i.USART_ReceiveData                      0x08002930   Section        0  stm32f10x_usart.o(i.USART_ReceiveData)
    i.UsageFault_Handler                     0x0800293a   Section        0  stm32f10x_it.o(i.UsageFault_Handler)
    i.Usart1_Init                            0x08002940   Section        0  usart.o(i.Usart1_Init)
    i.Usart3_Init                            0x08002a04   Section        0  usart.o(i.Usart3_Init)
    i.__kernel_poly                          0x08002ad0   Section        0  poly.o(i.__kernel_poly)
    i.__mathlib_dbl_infnan                   0x08002b7a   Section        0  dunder.o(i.__mathlib_dbl_infnan)
    i.__mathlib_dbl_invalid                  0x08002b80   Section        0  dunder.o(i.__mathlib_dbl_invalid)
    i.__scatterload_copy                     0x08002b8c   Section       14  handlers.o(i.__scatterload_copy)
    i.__scatterload_null                     0x08002b9a   Section        2  handlers.o(i.__scatterload_null)
    i.__scatterload_zeroinit                 0x08002b9c   Section       14  handlers.o(i.__scatterload_zeroinit)
    i.__set_errno                            0x08002bac   Section        0  errno.o(i.__set_errno)
    i.acos                                   0x08002bb8   Section        0  acos.o(i.acos)
    i.iic2_Init                              0x08002e34   Section        0  iic2.o(i.iic2_Init)
    i.iic2_readAck                           0x08002e6c   Section        0  iic2.o(i.iic2_readAck)
    i.iic2_sendAck                           0x08002e8c   Section        0  iic2.o(i.iic2_sendAck)
    i.iic2_start                             0x08002ea4   Section        0  iic2.o(i.iic2_start)
    i.iic2_stop                              0x08002ec0   Section        0  iic2.o(i.iic2_stop)
    i.iic_Init                               0x08002ed8   Section        0  iic.o(i.iic_Init)
    i.iic_readAck                            0x08002f10   Section        0  iic.o(i.iic_readAck)
    i.iic_start                              0x08002f30   Section        0  iic.o(i.iic_start)
    i.iic_stop                               0x08002f4c   Section        0  iic.o(i.iic_stop)
    i.main                                   0x08002f64   Section        0  main.o(i.main)
    i.read2_data                             0x0800303c   Section        0  iic2.o(i.read2_data)
    i.send2_data                             0x08003072   Section        0  iic2.o(i.send2_data)
    i.send_data                              0x0800309e   Section        0  iic.o(i.send_data)
    i.sqrt                                   0x080030ca   Section        0  sqrt.o(i.sqrt)
    .constdata                               0x08003118   Section       80  acos.o(.constdata)
    pS                                       0x08003118   Data          48  acos.o(.constdata)
    qS                                       0x08003148   Data          32  acos.o(.constdata)
    .data                                    0x20000000   Section       20  stm32f10x_rcc.o(.data)
    APBAHBPrescTable                         0x20000000   Data          16  stm32f10x_rcc.o(.data)
    ADCPrescTable                            0x20000010   Data           4  stm32f10x_rcc.o(.data)
    .data                                    0x20000014   Section      111  timer.o(.data)
    .data                                    0x20000083   Section        2  usart.o(.data)
    .data                                    0x20000088   Section       36  pid.o(.data)
    .data                                    0x200000ac   Section       16  openmv.o(.data)
    .data                                    0x200000bc   Section        7  main.o(.data)
    .data                                    0x200000c4   Section        4  errno.o(.data)
    _errno                                   0x200000c4   Data           4  errno.o(.data)
    .bss                                     0x200000c8   Section      100  timer.o(.bss)
    .bss                                     0x2000012c   Section      100  usart.o(.bss)
    .bss                                     0x20000190   Section       24  mpu6050.o(.bss)
    STACK                                    0x200001a8   Section     1024  startup_stm32f10x_md.o(STACK)

    Global Symbols

    Symbol Name                              Value     Ov Type        Size  Object(Section)

    BuildAttributes$$THM_ISAv4$P$D$K$B$S$PE$A:L22UL41UL21$X:L11$S22US41US21$IEEE1$IW$USESV6$~STKCKD$USESV7$~SHL$OTIME$ROPI$IEEEX$EBA8$MICROLIB$REQ8$PRES8$EABIv2 0x00000000   Number         0  anon$$obj.o ABSOLUTE
    __ARM_use_no_argv                        0x00000000   Number         0  main.o ABSOLUTE
    __arm_fini_                               - Undefined Weak Reference
    __cpp_initialize__aeabi_                  - Undefined Weak Reference
    __cxa_finalize                            - Undefined Weak Reference
    __decompress                              - Undefined Weak Reference
    _clock_init                               - Undefined Weak Reference
    _microlib_exit                            - Undefined Weak Reference
    __Vectors_Size                           0x000000ec   Number         0  startup_stm32f10x_md.o ABSOLUTE
    __Vectors                                0x08000000   Data           4  startup_stm32f10x_md.o(RESET)
    __Vectors_End                            0x080000ec   Data           0  startup_stm32f10x_md.o(RESET)
    __main                                   0x080000ed   Thumb Code     0  entry.o(.ARM.Collect$$$$00000000)
    _main_stk                                0x080000ed   Thumb Code     0  entry2.o(.ARM.Collect$$$$00000001)
    _main_scatterload                        0x080000f1   Thumb Code     0  entry5.o(.ARM.Collect$$$$00000004)
    __main_after_scatterload                 0x080000f5   Thumb Code     0  entry5.o(.ARM.Collect$$$$00000004)
    _main_clock                              0x080000f5   Thumb Code     0  entry7b.o(.ARM.Collect$$$$00000008)
    _main_cpp_init                           0x080000f5   Thumb Code     0  entry8b.o(.ARM.Collect$$$$0000000A)
    _main_init                               0x080000f5   Thumb Code     0  entry9a.o(.ARM.Collect$$$$0000000B)
    __rt_lib_shutdown_fini                   0x080000fd   Thumb Code     0  entry12b.o(.ARM.Collect$$$$0000000E)
    __rt_final_cpp                           0x08000101   Thumb Code     0  entry10a.o(.ARM.Collect$$$$0000000F)
    __rt_final_exit                          0x08000101   Thumb Code     0  entry11a.o(.ARM.Collect$$$$00000011)
    Reset_Handler                            0x08000105   Thumb Code     8  startup_stm32f10x_md.o(.text)
    ADC1_2_IRQHandler                        0x0800011f   Thumb Code     0  startup_stm32f10x_md.o(.text)
    CAN1_RX1_IRQHandler                      0x0800011f   Thumb Code     0  startup_stm32f10x_md.o(.text)
    CAN1_SCE_IRQHandler                      0x0800011f   Thumb Code     0  startup_stm32f10x_md.o(.text)
    DMA1_Channel1_IRQHandler                 0x0800011f   Thumb Code     0  startup_stm32f10x_md.o(.text)
    DMA1_Channel2_IRQHandler                 0x0800011f   Thumb Code     0  startup_stm32f10x_md.o(.text)
    DMA1_Channel3_IRQHandler                 0x0800011f   Thumb Code     0  startup_stm32f10x_md.o(.text)
    DMA1_Channel4_IRQHandler                 0x0800011f   Thumb Code     0  startup_stm32f10x_md.o(.text)
    DMA1_Channel5_IRQHandler                 0x0800011f   Thumb Code     0  startup_stm32f10x_md.o(.text)
    DMA1_Channel6_IRQHandler                 0x0800011f   Thumb Code     0  startup_stm32f10x_md.o(.text)
    DMA1_Channel7_IRQHandler                 0x0800011f   Thumb Code     0  startup_stm32f10x_md.o(.text)
    EXTI0_IRQHandler                         0x0800011f   Thumb Code     0  startup_stm32f10x_md.o(.text)
    EXTI15_10_IRQHandler                     0x0800011f   Thumb Code     0  startup_stm32f10x_md.o(.text)
    EXTI1_IRQHandler                         0x0800011f   Thumb Code     0  startup_stm32f10x_md.o(.text)
    EXTI2_IRQHandler                         0x0800011f   Thumb Code     0  startup_stm32f10x_md.o(.text)
    EXTI3_IRQHandler                         0x0800011f   Thumb Code     0  startup_stm32f10x_md.o(.text)
    EXTI4_IRQHandler                         0x0800011f   Thumb Code     0  startup_stm32f10x_md.o(.text)
    EXTI9_5_IRQHandler                       0x0800011f   Thumb Code     0  startup_stm32f10x_md.o(.text)
    FLASH_IRQHandler                         0x0800011f   Thumb Code     0  startup_stm32f10x_md.o(.text)
    I2C1_ER_IRQHandler                       0x0800011f   Thumb Code     0  startup_stm32f10x_md.o(.text)
    I2C1_EV_IRQHandler                       0x0800011f   Thumb Code     0  startup_stm32f10x_md.o(.text)
    I2C2_ER_IRQHandler                       0x0800011f   Thumb Code     0  startup_stm32f10x_md.o(.text)
    I2C2_EV_IRQHandler                       0x0800011f   Thumb Code     0  startup_stm32f10x_md.o(.text)
    PVD_IRQHandler                           0x0800011f   Thumb Code     0  startup_stm32f10x_md.o(.text)
    RCC_IRQHandler                           0x0800011f   Thumb Code     0  startup_stm32f10x_md.o(.text)
    RTCAlarm_IRQHandler                      0x0800011f   Thumb Code     0  startup_stm32f10x_md.o(.text)
    RTC_IRQHandler                           0x0800011f   Thumb Code     0  startup_stm32f10x_md.o(.text)
    SPI1_IRQHandler                          0x0800011f   Thumb Code     0  startup_stm32f10x_md.o(.text)
    SPI2_IRQHandler                          0x0800011f   Thumb Code     0  startup_stm32f10x_md.o(.text)
    TAMPER_IRQHandler                        0x0800011f   Thumb Code     0  startup_stm32f10x_md.o(.text)
    TIM1_BRK_IRQHandler                      0x0800011f   Thumb Code     0  startup_stm32f10x_md.o(.text)
    TIM1_CC_IRQHandler                       0x0800011f   Thumb Code     0  startup_stm32f10x_md.o(.text)
    TIM1_TRG_COM_IRQHandler                  0x0800011f   Thumb Code     0  startup_stm32f10x_md.o(.text)
    TIM1_UP_IRQHandler                       0x0800011f   Thumb Code     0  startup_stm32f10x_md.o(.text)
    TIM2_IRQHandler                          0x0800011f   Thumb Code     0  startup_stm32f10x_md.o(.text)
    TIM3_IRQHandler                          0x0800011f   Thumb Code     0  startup_stm32f10x_md.o(.text)
    USART2_IRQHandler                        0x0800011f   Thumb Code     0  startup_stm32f10x_md.o(.text)
    USBWakeUp_IRQHandler                     0x0800011f   Thumb Code     0  startup_stm32f10x_md.o(.text)
    USB_HP_CAN1_TX_IRQHandler                0x0800011f   Thumb Code     0  startup_stm32f10x_md.o(.text)
    USB_LP_CAN1_RX0_IRQHandler               0x0800011f   Thumb Code     0  startup_stm32f10x_md.o(.text)
    WWDG_IRQHandler                          0x0800011f   Thumb Code     0  startup_stm32f10x_md.o(.text)
    strcmp                                   0x08000129   Thumb Code    28  strcmp.o(.text)
    strcpy                                   0x08000145   Thumb Code    18  strcpy.o(.text)
    __aeabi_fadd                             0x08000157   Thumb Code   164  fadd.o(.text)
    __aeabi_fsub                             0x080001fb   Thumb Code     6  fadd.o(.text)
    __aeabi_frsub                            0x08000201   Thumb Code     6  fadd.o(.text)
    __aeabi_fmul                             0x08000207   Thumb Code   100  fmul.o(.text)
    __aeabi_fdiv                             0x0800026b   Thumb Code   124  fdiv.o(.text)
    __aeabi_dadd                             0x080002e7   Thumb Code   322  dadd.o(.text)
    __aeabi_dsub                             0x08000429   Thumb Code     6  dadd.o(.text)
    __aeabi_drsub                            0x0800042f   Thumb Code     6  dadd.o(.text)
    __aeabi_dmul                             0x08000435   Thumb Code   228  dmul.o(.text)
    __aeabi_ddiv                             0x08000519   Thumb Code   222  ddiv.o(.text)
    __aeabi_i2f                              0x080005f7   Thumb Code    18  fflti.o(.text)
    __aeabi_i2d                              0x08000609   Thumb Code    34  dflti.o(.text)
    __aeabi_ui2d                             0x0800062b   Thumb Code    26  dfltui.o(.text)
    __aeabi_f2iz                             0x08000645   Thumb Code    50  ffixi.o(.text)
    __aeabi_f2uiz                            0x08000677   Thumb Code    40  ffixui.o(.text)
    __aeabi_d2uiz                            0x0800069f   Thumb Code    50  dfixui.o(.text)
    __aeabi_cdcmpeq                          0x080006d1   Thumb Code     0  cdcmple.o(.text)
    __aeabi_cdcmple                          0x080006d1   Thumb Code    48  cdcmple.o(.text)
    __aeabi_cdrcmple                         0x08000701   Thumb Code    48  cdrcmple.o(.text)
    __aeabi_llsl                             0x08000731   Thumb Code    30  llshl.o(.text)
    _ll_shift_l                              0x08000731   Thumb Code     0  llshl.o(.text)
    __aeabi_llsr                             0x0800074f   Thumb Code    32  llushr.o(.text)
    _ll_ushift_r                             0x0800074f   Thumb Code     0  llushr.o(.text)
    __aeabi_lasr                             0x0800076f   Thumb Code    36  llsshr.o(.text)
    _ll_sshift_r                             0x0800076f   Thumb Code     0  llsshr.o(.text)
    __I$use$fp                               0x08000793   Thumb Code     0  iusefp.o(.text)
    _float_round                             0x08000793   Thumb Code    18  fepilogue.o(.text)
    _float_epilogue                          0x080007a5   Thumb Code    92  fepilogue.o(.text)
    _double_round                            0x08000801   Thumb Code    30  depilogue.o(.text)
    _double_epilogue                         0x0800081f   Thumb Code   156  depilogue.o(.text)
    __ARM_scalbn                             0x080008bb   Thumb Code    46  dscalb.o(.text)
    scalbn                                   0x080008bb   Thumb Code     0  dscalb.o(.text)
    __scatterload                            0x080008e9   Thumb Code    28  init.o(.text)
    __scatterload_rt2                        0x080008e9   Thumb Code     0  init.o(.text)
    _dsqrt                                   0x0800090d   Thumb Code   162  dsqrt.o(.text)
    BusFault_Handler                         0x080009af   Thumb Code     4  stm32f10x_it.o(i.BusFault_Handler)
    DebugMon_Handler                         0x080009b3   Thumb Code     2  stm32f10x_it.o(i.DebugMon_Handler)
    Delay_ms                                 0x080009b5   Thumb Code    24  delay.o(i.Delay_ms)
    Delay_s                                  0x080009cd   Thumb Code    24  delay.o(i.Delay_s)
    Delay_us                                 0x080009e5   Thumb Code    46  delay.o(i.Delay_us)
    GPIO_Init                                0x08000a13   Thumb Code   278  stm32f10x_gpio.o(i.GPIO_Init)
    GPIO_PinRemapConfig                      0x08000b29   Thumb Code   138  stm32f10x_gpio.o(i.GPIO_PinRemapConfig)
    GPIO_ReadInputDataBit                    0x08000bb9   Thumb Code    18  stm32f10x_gpio.o(i.GPIO_ReadInputDataBit)
    GPIO_ResetBits                           0x08000bcb   Thumb Code     4  stm32f10x_gpio.o(i.GPIO_ResetBits)
    GPIO_SetBits                             0x08000bcf   Thumb Code     4  stm32f10x_gpio.o(i.GPIO_SetBits)
    GPIO_WriteBit                            0x08000bd3   Thumb Code    10  stm32f10x_gpio.o(i.GPIO_WriteBit)
    HardFault_Handler                        0x08000bdd   Thumb Code     4  stm32f10x_it.o(i.HardFault_Handler)
    Left_Encoder_Get                         0x08000be1   Thumb Code    22  timer.o(i.Left_Encoder_Get)
    MPU6050_Get_Angle                        0x08000bfd   Thumb Code   176  mpu6050.o(i.MPU6050_Get_Angle)
    MPU6050_Get_Data                         0x08000cb9   Thumb Code    34  mpu6050.o(i.MPU6050_Get_Data)
    MPU6050_Init                             0x08000cdb   Thumb Code    48  mpu6050.o(i.MPU6050_Init)
    MPU6050_Read_Reg                         0x08000d0b   Thumb Code    62  mpu6050.o(i.MPU6050_Read_Reg)
    MPU6050_Status                           0x08000d49   Thumb Code   128  mpu6050.o(i.MPU6050_Status)
    MPU6050_Write_Reg                        0x08000de5   Thumb Code    46  mpu6050.o(i.MPU6050_Write_Reg)
    MemManage_Handler                        0x08000e13   Thumb Code     4  stm32f10x_it.o(i.MemManage_Handler)
    NMI_Handler                              0x08000e17   Thumb Code     2  stm32f10x_it.o(i.NMI_Handler)
    NVIC_Init                                0x08000e19   Thumb Code   100  misc.o(i.NVIC_Init)
    NVIC_PriorityGroupConfig                 0x08000e89   Thumb Code    10  misc.o(i.NVIC_PriorityGroupConfig)
    OpenMVFind                               0x08000e9d   Thumb Code   238  openmv.o(i.OpenMVFind)
    OpenMV_Get_SensorState                   0x08000f91   Thumb Code    46  openmv.o(i.OpenMV_Get_SensorState)
    OpenMV_Set_Countstatus                   0x08000fc9   Thumb Code   608  openmv.o(i.OpenMV_Set_Countstatus)
    PCA0685_work                             0x08001275   Thumb Code   152  pac9685.o(i.PCA0685_work)
    PCA9685_Init                             0x0800130d   Thumb Code    26  pac9685.o(i.PCA9685_Init)
    PCA9685_Write                            0x08001327   Thumb Code    46  pac9685.o(i.PCA9685_Write)
    PCA9685_setAngle                         0x08001355   Thumb Code    64  pac9685.o(i.PCA9685_setAngle)
    PCA9685_setFreq                          0x080013a1   Thumb Code   126  pac9685.o(i.PCA9685_setFreq)
    PCA9685_setPWM                           0x08001429   Thumb Code    86  pac9685.o(i.PCA9685_setPWM)
    PID_Left_Computer                        0x08001481   Thumb Code   232  pid.o(i.PID_Left_Computer)
    PID_Right_Computer                       0x0800158d   Thumb Code   232  pid.o(i.PID_Right_Computer)
    PendSV_Handler                           0x08001699   Thumb Code     2  stm32f10x_it.o(i.PendSV_Handler)
    RCC_APB1PeriphClockCmd                   0x0800169d   Thumb Code    26  stm32f10x_rcc.o(i.RCC_APB1PeriphClockCmd)
    RCC_APB2PeriphClockCmd                   0x080016bd   Thumb Code    26  stm32f10x_rcc.o(i.RCC_APB2PeriphClockCmd)
    RCC_GetClocksFreq                        0x080016dd   Thumb Code   192  stm32f10x_rcc.o(i.RCC_GetClocksFreq)
    Right_Encoder_Get                        0x080017b1   Thumb Code    26  timer.o(i.Right_Encoder_Get)
    SCL2_W                                   0x080017cd   Thumb Code    24  iic2.o(i.SCL2_W)
    SCL_W                                    0x080017e9   Thumb Code    24  iic.o(i.SCL_W)
    SDA2_R                                   0x08001805   Thumb Code    24  iic2.o(i.SDA2_R)
    SDA2_W                                   0x08001821   Thumb Code    24  iic2.o(i.SDA2_W)
    SDA_R                                    0x0800183d   Thumb Code    24  iic.o(i.SDA_R)
    SDA_W                                    0x08001859   Thumb Code    24  iic.o(i.SDA_W)
    SVC_Handler                              0x08001875   Thumb Code     2  stm32f10x_it.o(i.SVC_Handler)
    Sensor_Init                              0x08001879   Thumb Code    48  sensor.o(i.Sensor_Init)
    Set_CarForward                           0x08001995   Thumb Code    40  tb6612.o(i.Set_CarForward)
    Set_CarStop                              0x080019c9   Thumb Code    38  tb6612.o(i.Set_CarStop)
    Set_CarTurn                              0x080019fd   Thumb Code    10  tb6612.o(i.Set_CarTurn)
    SysTick_Handler                          0x08001a11   Thumb Code     2  stm32f10x_it.o(i.SysTick_Handler)
    SystemInit                               0x08001a15   Thumb Code    78  system_stm32f10x.o(i.SystemInit)
    TB6612_GPIO_Init                         0x08001a75   Thumb Code   118  tb6612.o(i.TB6612_GPIO_Init)
    TIM1_PWM10K_Init                         0x08001d39   Thumb Code   250  pwm.o(i.TIM1_PWM10K_Init)
    TIM2_Measure_Speed_Init                  0x08001e3d   Thumb Code   152  timer.o(i.TIM2_Measure_Speed_Init)
    TIM3_Measure_Speed_Init                  0x08001ed9   Thumb Code   150  timer.o(i.TIM3_Measure_Speed_Init)
    TIM4_IRQHandler                          0x08001f79   Thumb Code   354  timer.o(i.TIM4_IRQHandler)
    TIM4_Timer_Init                          0x0800211d   Thumb Code    96  timer.o(i.TIM4_Timer_Init)
    TIM_ClearITPendingBit                    0x08002181   Thumb Code     6  stm32f10x_tim.o(i.TIM_ClearITPendingBit)
    TIM_Cmd                                  0x08002187   Thumb Code    24  stm32f10x_tim.o(i.TIM_Cmd)
    TIM_CtrlPWMOutputs                       0x0800219f   Thumb Code    30  stm32f10x_tim.o(i.TIM_CtrlPWMOutputs)
    TIM_EncoderInterfaceConfig               0x080021bd   Thumb Code    66  stm32f10x_tim.o(i.TIM_EncoderInterfaceConfig)
    TIM_GetCounter                           0x080021ff   Thumb Code     6  stm32f10x_tim.o(i.TIM_GetCounter)
    TIM_GetITStatus                          0x08002205   Thumb Code    34  stm32f10x_tim.o(i.TIM_GetITStatus)
    TIM_ICInit                               0x08002229   Thumb Code   150  stm32f10x_tim.o(i.TIM_ICInit)
    TIM_ICStructInit                         0x080022d5   Thumb Code    18  stm32f10x_tim.o(i.TIM_ICStructInit)
    TIM_ITConfig                             0x080022e7   Thumb Code    18  stm32f10x_tim.o(i.TIM_ITConfig)
    TIM_OC1Init                              0x080022f9   Thumb Code   132  stm32f10x_tim.o(i.TIM_OC1Init)
    TIM_OC1PreloadConfig                     0x08002391   Thumb Code    18  stm32f10x_tim.o(i.TIM_OC1PreloadConfig)
    TIM_OC2Init                              0x080023a5   Thumb Code   154  stm32f10x_tim.o(i.TIM_OC2Init)
    TIM_OC2PreloadConfig                     0x08002449   Thumb Code    26  stm32f10x_tim.o(i.TIM_OC2PreloadConfig)
    TIM_OC3Init                              0x08002465   Thumb Code   150  stm32f10x_tim.o(i.TIM_OC3Init)
    TIM_OC3PreloadConfig                     0x08002505   Thumb Code    18  stm32f10x_tim.o(i.TIM_OC3PreloadConfig)
    TIM_OC4Init                              0x08002519   Thumb Code   114  stm32f10x_tim.o(i.TIM_OC4Init)
    TIM_OC4PreloadConfig                     0x08002595   Thumb Code    26  stm32f10x_tim.o(i.TIM_OC4PreloadConfig)
    TIM_SetCompare1                          0x080025af   Thumb Code     4  stm32f10x_tim.o(i.TIM_SetCompare1)
    TIM_SetCompare2                          0x080025b3   Thumb Code     4  stm32f10x_tim.o(i.TIM_SetCompare2)
    TIM_SetCompare3                          0x080025b7   Thumb Code     4  stm32f10x_tim.o(i.TIM_SetCompare3)
    TIM_SetCompare4                          0x080025bb   Thumb Code     6  stm32f10x_tim.o(i.TIM_SetCompare4)
    TIM_SetCounter                           0x080025c1   Thumb Code     4  stm32f10x_tim.o(i.TIM_SetCounter)
    TIM_SetIC1Prescaler                      0x080025c5   Thumb Code    18  stm32f10x_tim.o(i.TIM_SetIC1Prescaler)
    TIM_SetIC2Prescaler                      0x080025d7   Thumb Code    26  stm32f10x_tim.o(i.TIM_SetIC2Prescaler)
    TIM_SetIC3Prescaler                      0x080025f1   Thumb Code    18  stm32f10x_tim.o(i.TIM_SetIC3Prescaler)
    TIM_SetIC4Prescaler                      0x08002603   Thumb Code    26  stm32f10x_tim.o(i.TIM_SetIC4Prescaler)
    TIM_TimeBaseInit                         0x0800261d   Thumb Code   122  stm32f10x_tim.o(i.TIM_TimeBaseInit)
    USART1_IRQHandler                        0x080026c1   Thumb Code    76  usart.o(i.USART1_IRQHandler)
    USART3_IRQHandler                        0x08002719   Thumb Code    76  usart.o(i.USART3_IRQHandler)
    USART_ClearFlag                          0x08002771   Thumb Code    18  stm32f10x_usart.o(i.USART_ClearFlag)
    USART_ClearITPendingBit                  0x08002783   Thumb Code    30  stm32f10x_usart.o(i.USART_ClearITPendingBit)
    USART_Cmd                                0x080027a1   Thumb Code    24  stm32f10x_usart.o(i.USART_Cmd)
    USART_GetITStatus                        0x080027b9   Thumb Code    84  stm32f10x_usart.o(i.USART_GetITStatus)
    USART_ITConfig                           0x0800280d   Thumb Code    74  stm32f10x_usart.o(i.USART_ITConfig)
    USART_Init                               0x08002859   Thumb Code   210  stm32f10x_usart.o(i.USART_Init)
    USART_ReceiveData                        0x08002931   Thumb Code    10  stm32f10x_usart.o(i.USART_ReceiveData)
    UsageFault_Handler                       0x0800293b   Thumb Code     4  stm32f10x_it.o(i.UsageFault_Handler)
    Usart1_Init                              0x08002941   Thumb Code   186  usart.o(i.Usart1_Init)
    Usart3_Init                              0x08002a05   Thumb Code   190  usart.o(i.Usart3_Init)
    __kernel_poly                            0x08002ad1   Thumb Code   170  poly.o(i.__kernel_poly)
    __mathlib_dbl_infnan                     0x08002b7b   Thumb Code     6  dunder.o(i.__mathlib_dbl_infnan)
    __mathlib_dbl_invalid                    0x08002b81   Thumb Code    12  dunder.o(i.__mathlib_dbl_invalid)
    __scatterload_copy                       0x08002b8d   Thumb Code    14  handlers.o(i.__scatterload_copy)
    __scatterload_null                       0x08002b9b   Thumb Code     2  handlers.o(i.__scatterload_null)
    __scatterload_zeroinit                   0x08002b9d   Thumb Code    14  handlers.o(i.__scatterload_zeroinit)
    __set_errno                              0x08002bad   Thumb Code     6  errno.o(i.__set_errno)
    acos                                     0x08002bb9   Thumb Code   574  acos.o(i.acos)
    iic2_Init                                0x08002e35   Thumb Code    50  iic2.o(i.iic2_Init)
    iic2_readAck                             0x08002e6d   Thumb Code    32  iic2.o(i.iic2_readAck)
    iic2_sendAck                             0x08002e8d   Thumb Code    24  iic2.o(i.iic2_sendAck)
    iic2_start                               0x08002ea5   Thumb Code    28  iic2.o(i.iic2_start)
    iic2_stop                                0x08002ec1   Thumb Code    22  iic2.o(i.iic2_stop)
    iic_Init                                 0x08002ed9   Thumb Code    50  iic.o(i.iic_Init)
    iic_readAck                              0x08002f11   Thumb Code    32  iic.o(i.iic_readAck)
    iic_start                                0x08002f31   Thumb Code    28  iic.o(i.iic_start)
    iic_stop                                 0x08002f4d   Thumb Code    22  iic.o(i.iic_stop)
    main                                     0x08002f65   Thumb Code   184  main.o(i.main)
    read2_data                               0x0800303d   Thumb Code    54  iic2.o(i.read2_data)
    send2_data                               0x08003073   Thumb Code    44  iic2.o(i.send2_data)
    send_data                                0x0800309f   Thumb Code    44  iic.o(i.send_data)
    sqrt                                     0x080030cb   Thumb Code    76  sqrt.o(i.sqrt)
    Region$$Table$$Base                      0x08003168   Number         0  anon$$obj.o(Region$$Table)
    Region$$Table$$Limit                     0x08003188   Number         0  anon$$obj.o(Region$$Table)
    listcount                                0x20000014   Data           2  timer.o(.data)
    listcount_2                              0x20000016   Data           2  timer.o(.data)
    Redlist                                  0x20000018   Data          21  timer.o(.data)
    Greedlist                                0x2000002d   Data          21  timer.o(.data)
    Bluelist                                 0x20000042   Data          21  timer.o(.data)
    zorelist                                 0x20000057   Data          21  timer.o(.data)
    Templist                                 0x2000006c   Data          21  timer.o(.data)
    first_packet                             0x20000081   Data           1  timer.o(.data)
    flag_pca9685                             0x20000082   Data           1  timer.o(.data)
    tempcount                                0x20000083   Data           1  usart.o(.data)
    tempcount2                               0x20000084   Data           1  usart.o(.data)
    Kp                                       0x20000088   Data           4  pid.o(.data)
    Ki                                       0x2000008c   Data           4  pid.o(.data)
    Kd                                       0x20000090   Data           4  pid.o(.data)
    LeftRealityVlaue                         0x20000094   Data           2  pid.o(.data)
    LeftEk                                   0x20000096   Data           2  pid.o(.data)
    LeftEk_1                                 0x20000098   Data           2  pid.o(.data)
    LeftEk_2                                 0x2000009a   Data           2  pid.o(.data)
    LeftPkVlaue                              0x2000009c   Data           2  pid.o(.data)
    out_left                                 0x2000009e   Data           2  pid.o(.data)
    RightRealityVlaue                        0x200000a0   Data           2  pid.o(.data)
    RightEk                                  0x200000a2   Data           2  pid.o(.data)
    RightEk_1                                0x200000a4   Data           2  pid.o(.data)
    RightEk_2                                0x200000a6   Data           2  pid.o(.data)
    RightPkVlaue                             0x200000a8   Data           2  pid.o(.data)
    out_right                                0x200000aa   Data           2  pid.o(.data)
    OpenMV_Data_count                        0x200000ac   Data           1  openmv.o(.data)
    flagOpenMV                               0x200000ad   Data           1  openmv.o(.data)
    flag2                                    0x200000ae   Data           1  openmv.o(.data)
    flag5                                    0x200000af   Data           1  openmv.o(.data)
    flag6                                    0x200000b0   Data           1  openmv.o(.data)
    flag7                                    0x200000b1   Data           1  openmv.o(.data)
    flag8                                    0x200000b2   Data           1  openmv.o(.data)
    flag9                                    0x200000b3   Data           1  openmv.o(.data)
    flag3                                    0x200000b4   Data           1  openmv.o(.data)
    flag10                                   0x200000b5   Data           1  openmv.o(.data)
    flag11                                   0x200000b6   Data           1  openmv.o(.data)
    flag15                                   0x200000b7   Data           1  openmv.o(.data)
    flag4                                    0x200000b8   Data           1  openmv.o(.data)
    flag12                                   0x200000b9   Data           1  openmv.o(.data)
    flag13                                   0x200000ba   Data           1  openmv.o(.data)
    flag14                                   0x200000bb   Data           1  openmv.o(.data)
    LeftSpeed                                0x200000bc   Data           2  main.o(.data)
    RightSpeed                               0x200000be   Data           2  main.o(.data)
    countflag                                0x200000c0   Data           1  main.o(.data)
    flagstopcar                              0x200000c1   Data           1  main.o(.data)
    xunji_Flag                               0x200000c2   Data           1  main.o(.data)
    ColourList                               0x200000c8   Data          50  timer.o(.bss)
    ColourList_2                             0x200000fa   Data          50  timer.o(.bss)
    USART1_RX_BUF                            0x2000012c   Data          50  usart.o(.bss)
    USART3_RX_BUF                            0x2000015e   Data          50  usart.o(.bss)
    data                                     0x20000190   Data          24  mpu6050.o(.bss)
    __initial_sp                             0x200005a8   Data           0  startup_stm32f10x_md.o(STACK)



==============================================================================

Memory Map of the image

  Image Entry point : 0x080000ed

  Load Region LR_IROM1 (Base: 0x08000000, Size: 0x00003250, Max: 0x00040000, ABSOLUTE)

    Execution Region ER_IROM1 (Exec base: 0x08000000, Load base: 0x08000000, Size: 0x00003188, Max: 0x00040000, ABSOLUTE)

    Exec Addr    Load Addr    Size         Type   Attr      Idx    E Section Name        Object

    0x08000000   0x08000000   0x000000ec   Data   RO            3    RESET               startup_stm32f10x_md.o
    0x080000ec   0x080000ec   0x00000000   Code   RO         3869  * .ARM.Collect$$$$00000000  mc_w.l(entry.o)
    0x080000ec   0x080000ec   0x00000004   Code   RO         3928    .ARM.Collect$$$$00000001  mc_w.l(entry2.o)
    0x080000f0   0x080000f0   0x00000004   Code   RO         3931    .ARM.Collect$$$$00000004  mc_w.l(entry5.o)
    0x080000f4   0x080000f4   0x00000000   Code   RO         3933    .ARM.Collect$$$$00000008  mc_w.l(entry7b.o)
    0x080000f4   0x080000f4   0x00000000   Code   RO         3935    .ARM.Collect$$$$0000000A  mc_w.l(entry8b.o)
    0x080000f4   0x080000f4   0x00000008   Code   RO         3936    .ARM.Collect$$$$0000000B  mc_w.l(entry9a.o)
    0x080000fc   0x080000fc   0x00000004   Code   RO         3943    .ARM.Collect$$$$0000000E  mc_w.l(entry12b.o)
    0x08000100   0x08000100   0x00000000   Code   RO         3938    .ARM.Collect$$$$0000000F  mc_w.l(entry10a.o)
    0x08000100   0x08000100   0x00000000   Code   RO         3940    .ARM.Collect$$$$00000011  mc_w.l(entry11a.o)
    0x08000100   0x08000100   0x00000004   Code   RO         3929    .ARM.Collect$$$$00002712  mc_w.l(entry2.o)
    0x08000104   0x08000104   0x00000024   Code   RO            4    .text               startup_stm32f10x_md.o
    0x08000128   0x08000128   0x0000001c   Code   RO         3872    .text               mc_w.l(strcmp.o)
    0x08000144   0x08000144   0x00000012   Code   RO         3874    .text               mc_w.l(strcpy.o)
    0x08000156   0x08000156   0x000000b0   Code   RO         3876    .text               mf_w.l(fadd.o)
    0x08000206   0x08000206   0x00000064   Code   RO         3878    .text               mf_w.l(fmul.o)
    0x0800026a   0x0800026a   0x0000007c   Code   RO         3880    .text               mf_w.l(fdiv.o)
    0x080002e6   0x080002e6   0x0000014e   Code   RO         3882    .text               mf_w.l(dadd.o)
    0x08000434   0x08000434   0x000000e4   Code   RO         3884    .text               mf_w.l(dmul.o)
    0x08000518   0x08000518   0x000000de   Code   RO         3886    .text               mf_w.l(ddiv.o)
    0x080005f6   0x080005f6   0x00000012   Code   RO         3888    .text               mf_w.l(fflti.o)
    0x08000608   0x08000608   0x00000022   Code   RO         3890    .text               mf_w.l(dflti.o)
    0x0800062a   0x0800062a   0x0000001a   Code   RO         3892    .text               mf_w.l(dfltui.o)
    0x08000644   0x08000644   0x00000032   Code   RO         3894    .text               mf_w.l(ffixi.o)
    0x08000676   0x08000676   0x00000028   Code   RO         3896    .text               mf_w.l(ffixui.o)
    0x0800069e   0x0800069e   0x00000032   Code   RO         3898    .text               mf_w.l(dfixui.o)
    0x080006d0   0x080006d0   0x00000030   Code   RO         3900    .text               mf_w.l(cdcmple.o)
    0x08000700   0x08000700   0x00000030   Code   RO         3902    .text               mf_w.l(cdrcmple.o)
    0x08000730   0x08000730   0x0000001e   Code   RO         3944    .text               mc_w.l(llshl.o)
    0x0800074e   0x0800074e   0x00000020   Code   RO         3946    .text               mc_w.l(llushr.o)
    0x0800076e   0x0800076e   0x00000024   Code   RO         3948    .text               mc_w.l(llsshr.o)
    0x08000792   0x08000792   0x00000000   Code   RO         3957    .text               mc_w.l(iusefp.o)
    0x08000792   0x08000792   0x0000006e   Code   RO         3958    .text               mf_w.l(fepilogue.o)
    0x08000800   0x08000800   0x000000ba   Code   RO         3960    .text               mf_w.l(depilogue.o)
    0x080008ba   0x080008ba   0x0000002e   Code   RO         3962    .text               mf_w.l(dscalb.o)
    0x080008e8   0x080008e8   0x00000024   Code   RO         3964    .text               mc_w.l(init.o)
    0x0800090c   0x0800090c   0x000000a2   Code   RO         3966    .text               mf_w.l(dsqrt.o)
    0x080009ae   0x080009ae   0x00000004   Code   RO         3796    i.BusFault_Handler  stm32f10x_it.o
    0x080009b2   0x080009b2   0x00000002   Code   RO         3797    i.DebugMon_Handler  stm32f10x_it.o
    0x080009b4   0x080009b4   0x00000018   Code   RO         3196    i.Delay_ms          delay.o
    0x080009cc   0x080009cc   0x00000018   Code   RO         3197    i.Delay_s           delay.o
    0x080009e4   0x080009e4   0x0000002e   Code   RO         3198    i.Delay_us          delay.o
    0x08000a12   0x08000a12   0x00000116   Code   RO         1347    i.GPIO_Init         stm32f10x_gpio.o
    0x08000b28   0x08000b28   0x00000090   Code   RO         1349    i.GPIO_PinRemapConfig  stm32f10x_gpio.o
    0x08000bb8   0x08000bb8   0x00000012   Code   RO         1351    i.GPIO_ReadInputDataBit  stm32f10x_gpio.o
    0x08000bca   0x08000bca   0x00000004   Code   RO         1354    i.GPIO_ResetBits    stm32f10x_gpio.o
    0x08000bce   0x08000bce   0x00000004   Code   RO         1355    i.GPIO_SetBits      stm32f10x_gpio.o
    0x08000bd2   0x08000bd2   0x0000000a   Code   RO         1358    i.GPIO_WriteBit     stm32f10x_gpio.o
    0x08000bdc   0x08000bdc   0x00000004   Code   RO         3798    i.HardFault_Handler  stm32f10x_it.o
    0x08000be0   0x08000be0   0x0000001c   Code   RO         3238    i.Left_Encoder_Get  timer.o
    0x08000bfc   0x08000bfc   0x000000bc   Code   RO         3729    i.MPU6050_Get_Angle  mpu6050.o
    0x08000cb8   0x08000cb8   0x00000022   Code   RO         3730    i.MPU6050_Get_Data  mpu6050.o
    0x08000cda   0x08000cda   0x00000030   Code   RO         3731    i.MPU6050_Init      mpu6050.o
    0x08000d0a   0x08000d0a   0x0000003e   Code   RO         3732    i.MPU6050_Read_Reg  mpu6050.o
    0x08000d48   0x08000d48   0x0000009c   Code   RO         3733    i.MPU6050_Status    mpu6050.o
    0x08000de4   0x08000de4   0x0000002e   Code   RO         3734    i.MPU6050_Write_Reg  mpu6050.o
    0x08000e12   0x08000e12   0x00000004   Code   RO         3799    i.MemManage_Handler  stm32f10x_it.o
    0x08000e16   0x08000e16   0x00000002   Code   RO         3800    i.NMI_Handler       stm32f10x_it.o
    0x08000e18   0x08000e18   0x00000070   Code   RO          137    i.NVIC_Init         misc.o
    0x08000e88   0x08000e88   0x00000014   Code   RO          138    i.NVIC_PriorityGroupConfig  misc.o
    0x08000e9c   0x08000e9c   0x000000f4   Code   RO         3630    i.OpenMVFind        openmv.o
    0x08000f90   0x08000f90   0x00000038   Code   RO         3631    i.OpenMV_Get_SensorState  openmv.o
    0x08000fc8   0x08000fc8   0x000002ac   Code   RO         3632    i.OpenMV_Set_Countstatus  openmv.o
    0x08001274   0x08001274   0x00000098   Code   RO         3681    i.PCA0685_work      pac9685.o
    0x0800130c   0x0800130c   0x0000001a   Code   RO         3682    i.PCA9685_Init      pac9685.o
    0x08001326   0x08001326   0x0000002e   Code   RO         3684    i.PCA9685_Write     pac9685.o
    0x08001354   0x08001354   0x0000004c   Code   RO         3685    i.PCA9685_setAngle  pac9685.o
    0x080013a0   0x080013a0   0x00000088   Code   RO         3686    i.PCA9685_setFreq   pac9685.o
    0x08001428   0x08001428   0x00000056   Code   RO         3687    i.PCA9685_setPWM    pac9685.o
    0x0800147e   0x0800147e   0x00000002   PAD
    0x08001480   0x08001480   0x0000010c   Code   RO         3503    i.PID_Left_Computer  pid.o
    0x0800158c   0x0800158c   0x0000010c   Code   RO         3504    i.PID_Right_Computer  pid.o
    0x08001698   0x08001698   0x00000002   Code   RO         3801    i.PendSV_Handler    stm32f10x_it.o
    0x0800169a   0x0800169a   0x00000002   PAD
    0x0800169c   0x0800169c   0x00000020   Code   RO         1775    i.RCC_APB1PeriphClockCmd  stm32f10x_rcc.o
    0x080016bc   0x080016bc   0x00000020   Code   RO         1777    i.RCC_APB2PeriphClockCmd  stm32f10x_rcc.o
    0x080016dc   0x080016dc   0x000000d4   Code   RO         1785    i.RCC_GetClocksFreq  stm32f10x_rcc.o
    0x080017b0   0x080017b0   0x0000001a   Code   RO         3239    i.Right_Encoder_Get  timer.o
    0x080017ca   0x080017ca   0x00000002   PAD
    0x080017cc   0x080017cc   0x0000001c   Code   RO         3434    i.SCL2_W            iic2.o
    0x080017e8   0x080017e8   0x0000001c   Code   RO         3365    i.SCL_W             iic.o
    0x08001804   0x08001804   0x0000001c   Code   RO         3435    i.SDA2_R            iic2.o
    0x08001820   0x08001820   0x0000001c   Code   RO         3436    i.SDA2_W            iic2.o
    0x0800183c   0x0800183c   0x0000001c   Code   RO         3366    i.SDA_R             iic.o
    0x08001858   0x08001858   0x0000001c   Code   RO         3367    i.SDA_W             iic.o
    0x08001874   0x08001874   0x00000002   Code   RO         3802    i.SVC_Handler       stm32f10x_it.o
    0x08001876   0x08001876   0x00000002   PAD
    0x08001878   0x08001878   0x00000034   Code   RO         3536    i.Sensor_Init       sensor.o
    0x080018ac   0x080018ac   0x00000008   Code   RO           24    i.SetSysClock       system_stm32f10x.o
    0x080018b4   0x080018b4   0x000000e0   Code   RO           25    i.SetSysClockTo72   system_stm32f10x.o
    0x08001994   0x08001994   0x00000034   Code   RO         3551    i.Set_CarForward    tb6612.o
    0x080019c8   0x080019c8   0x00000034   Code   RO         3555    i.Set_CarStop       tb6612.o
    0x080019fc   0x080019fc   0x00000014   Code   RO         3556    i.Set_CarTurn       tb6612.o
    0x08001a10   0x08001a10   0x00000002   Code   RO         3803    i.SysTick_Handler   stm32f10x_it.o
    0x08001a12   0x08001a12   0x00000002   PAD
    0x08001a14   0x08001a14   0x00000060   Code   RO           27    i.SystemInit        system_stm32f10x.o
    0x08001a74   0x08001a74   0x00000084   Code   RO         3557    i.TB6612_GPIO_Init  tb6612.o
    0x08001af8   0x08001af8   0x00000080   Code   RO         2405    i.TI1_Config        stm32f10x_tim.o
    0x08001b78   0x08001b78   0x00000098   Code   RO         2406    i.TI2_Config        stm32f10x_tim.o
    0x08001c10   0x08001c10   0x00000090   Code   RO         2407    i.TI3_Config        stm32f10x_tim.o
    0x08001ca0   0x08001ca0   0x00000098   Code   RO         2408    i.TI4_Config        stm32f10x_tim.o
    0x08001d38   0x08001d38   0x00000104   Code   RO         3223    i.TIM1_PWM10K_Init  pwm.o
    0x08001e3c   0x08001e3c   0x0000009c   Code   RO         3240    i.TIM2_Measure_Speed_Init  timer.o
    0x08001ed8   0x08001ed8   0x000000a0   Code   RO         3241    i.TIM3_Measure_Speed_Init  timer.o
    0x08001f78   0x08001f78   0x000001a4   Code   RO         3242    i.TIM4_IRQHandler   timer.o
    0x0800211c   0x0800211c   0x00000064   Code   RO         3243    i.TIM4_Timer_Init   timer.o
    0x08002180   0x08002180   0x00000006   Code   RO         2416    i.TIM_ClearITPendingBit  stm32f10x_tim.o
    0x08002186   0x08002186   0x00000018   Code   RO         2421    i.TIM_Cmd           stm32f10x_tim.o
    0x0800219e   0x0800219e   0x0000001e   Code   RO         2423    i.TIM_CtrlPWMOutputs  stm32f10x_tim.o
    0x080021bc   0x080021bc   0x00000042   Code   RO         2430    i.TIM_EncoderInterfaceConfig  stm32f10x_tim.o
    0x080021fe   0x080021fe   0x00000006   Code   RO         2440    i.TIM_GetCounter    stm32f10x_tim.o
    0x08002204   0x08002204   0x00000022   Code   RO         2442    i.TIM_GetITStatus   stm32f10x_tim.o
    0x08002226   0x08002226   0x00000002   PAD
    0x08002228   0x08002228   0x000000ac   Code   RO         2444    i.TIM_ICInit        stm32f10x_tim.o
    0x080022d4   0x080022d4   0x00000012   Code   RO         2445    i.TIM_ICStructInit  stm32f10x_tim.o
    0x080022e6   0x080022e6   0x00000012   Code   RO         2446    i.TIM_ITConfig      stm32f10x_tim.o
    0x080022f8   0x080022f8   0x00000098   Code   RO         2450    i.TIM_OC1Init       stm32f10x_tim.o
    0x08002390   0x08002390   0x00000012   Code   RO         2453    i.TIM_OC1PreloadConfig  stm32f10x_tim.o
    0x080023a2   0x080023a2   0x00000002   PAD
    0x080023a4   0x080023a4   0x000000a4   Code   RO         2455    i.TIM_OC2Init       stm32f10x_tim.o
    0x08002448   0x08002448   0x0000001a   Code   RO         2458    i.TIM_OC2PreloadConfig  stm32f10x_tim.o
    0x08002462   0x08002462   0x00000002   PAD
    0x08002464   0x08002464   0x000000a0   Code   RO         2460    i.TIM_OC3Init       stm32f10x_tim.o
    0x08002504   0x08002504   0x00000012   Code   RO         2463    i.TIM_OC3PreloadConfig  stm32f10x_tim.o
    0x08002516   0x08002516   0x00000002   PAD
    0x08002518   0x08002518   0x0000007c   Code   RO         2465    i.TIM_OC4Init       stm32f10x_tim.o
    0x08002594   0x08002594   0x0000001a   Code   RO         2467    i.TIM_OC4PreloadConfig  stm32f10x_tim.o
    0x080025ae   0x080025ae   0x00000004   Code   RO         2482    i.TIM_SetCompare1   stm32f10x_tim.o
    0x080025b2   0x080025b2   0x00000004   Code   RO         2483    i.TIM_SetCompare2   stm32f10x_tim.o
    0x080025b6   0x080025b6   0x00000004   Code   RO         2484    i.TIM_SetCompare3   stm32f10x_tim.o
    0x080025ba   0x080025ba   0x00000006   Code   RO         2485    i.TIM_SetCompare4   stm32f10x_tim.o
    0x080025c0   0x080025c0   0x00000004   Code   RO         2486    i.TIM_SetCounter    stm32f10x_tim.o
    0x080025c4   0x080025c4   0x00000012   Code   RO         2487    i.TIM_SetIC1Prescaler  stm32f10x_tim.o
    0x080025d6   0x080025d6   0x0000001a   Code   RO         2488    i.TIM_SetIC2Prescaler  stm32f10x_tim.o
    0x080025f0   0x080025f0   0x00000012   Code   RO         2489    i.TIM_SetIC3Prescaler  stm32f10x_tim.o
    0x08002602   0x08002602   0x0000001a   Code   RO         2490    i.TIM_SetIC4Prescaler  stm32f10x_tim.o
    0x0800261c   0x0800261c   0x000000a4   Code   RO         2492    i.TIM_TimeBaseInit  stm32f10x_tim.o
    0x080026c0   0x080026c0   0x00000058   Code   RO         3321    i.USART1_IRQHandler  usart.o
    0x08002718   0x08002718   0x00000058   Code   RO         3322    i.USART3_IRQHandler  usart.o
    0x08002770   0x08002770   0x00000012   Code   RO         2956    i.USART_ClearFlag   stm32f10x_usart.o
    0x08002782   0x08002782   0x0000001e   Code   RO         2957    i.USART_ClearITPendingBit  stm32f10x_usart.o
    0x080027a0   0x080027a0   0x00000018   Code   RO         2960    i.USART_Cmd         stm32f10x_usart.o
    0x080027b8   0x080027b8   0x00000054   Code   RO         2964    i.USART_GetITStatus  stm32f10x_usart.o
    0x0800280c   0x0800280c   0x0000004a   Code   RO         2966    i.USART_ITConfig    stm32f10x_usart.o
    0x08002856   0x08002856   0x00000002   PAD
    0x08002858   0x08002858   0x000000d8   Code   RO         2967    i.USART_Init        stm32f10x_usart.o
    0x08002930   0x08002930   0x0000000a   Code   RO         2974    i.USART_ReceiveData  stm32f10x_usart.o
    0x0800293a   0x0800293a   0x00000004   Code   RO         3804    i.UsageFault_Handler  stm32f10x_it.o
    0x0800293e   0x0800293e   0x00000002   PAD
    0x08002940   0x08002940   0x000000c4   Code   RO         3323    i.Usart1_Init       usart.o
    0x08002a04   0x08002a04   0x000000cc   Code   RO         3324    i.Usart3_Init       usart.o
    0x08002ad0   0x08002ad0   0x000000aa   Code   RO         3918    i.__kernel_poly     m_ws.l(poly.o)
    0x08002b7a   0x08002b7a   0x00000006   Code   RO         3905    i.__mathlib_dbl_infnan  m_ws.l(dunder.o)
    0x08002b80   0x08002b80   0x0000000c   Code   RO         3907    i.__mathlib_dbl_invalid  m_ws.l(dunder.o)
    0x08002b8c   0x08002b8c   0x0000000e   Code   RO         3970    i.__scatterload_copy  mc_w.l(handlers.o)
    0x08002b9a   0x08002b9a   0x00000002   Code   RO         3971    i.__scatterload_null  mc_w.l(handlers.o)
    0x08002b9c   0x08002b9c   0x0000000e   Code   RO         3972    i.__scatterload_zeroinit  mc_w.l(handlers.o)
    0x08002baa   0x08002baa   0x00000002   PAD
    0x08002bac   0x08002bac   0x0000000c   Code   RO         3952    i.__set_errno       mc_w.l(errno.o)
    0x08002bb8   0x08002bb8   0x0000027c   Code   RO         3860    i.acos              m_ws.l(acos.o)
    0x08002e34   0x08002e34   0x00000038   Code   RO         3437    i.iic2_Init         iic2.o
    0x08002e6c   0x08002e6c   0x00000020   Code   RO         3438    i.iic2_readAck      iic2.o
    0x08002e8c   0x08002e8c   0x00000018   Code   RO         3439    i.iic2_sendAck      iic2.o
    0x08002ea4   0x08002ea4   0x0000001c   Code   RO         3440    i.iic2_start        iic2.o
    0x08002ec0   0x08002ec0   0x00000016   Code   RO         3441    i.iic2_stop         iic2.o
    0x08002ed6   0x08002ed6   0x00000002   PAD
    0x08002ed8   0x08002ed8   0x00000038   Code   RO         3368    i.iic_Init          iic.o
    0x08002f10   0x08002f10   0x00000020   Code   RO         3369    i.iic_readAck       iic.o
    0x08002f30   0x08002f30   0x0000001c   Code   RO         3371    i.iic_start         iic.o
    0x08002f4c   0x08002f4c   0x00000016   Code   RO         3372    i.iic_stop          iic.o
    0x08002f62   0x08002f62   0x00000002   PAD
    0x08002f64   0x08002f64   0x000000d8   Code   RO         3774    i.main              main.o
    0x0800303c   0x0800303c   0x00000036   Code   RO         3442    i.read2_data        iic2.o
    0x08003072   0x08003072   0x0000002c   Code   RO         3443    i.send2_data        iic2.o
    0x0800309e   0x0800309e   0x0000002c   Code   RO         3374    i.send_data         iic.o
    0x080030ca   0x080030ca   0x0000004c   Code   RO         3921    i.sqrt              m_ws.l(sqrt.o)
    0x08003116   0x08003116   0x00000002   PAD
    0x08003118   0x08003118   0x00000050   Data   RO         3861    .constdata          m_ws.l(acos.o)
    0x08003168   0x08003168   0x00000020   Data   RO         3968    Region$$Table       anon$$obj.o


    Execution Region RW_IRAM1 (Exec base: 0x20000000, Load base: 0x08003188, Size: 0x000005a8, Max: 0x0000c000, ABSOLUTE)

    Exec Addr    Load Addr    Size         Type   Attr      Idx    E Section Name        Object

    0x20000000   0x08003188   0x00000014   Data   RW         1805    .data               stm32f10x_rcc.o
    0x20000014   0x0800319c   0x0000006f   Data   RW         3245    .data               timer.o
    0x20000083   0x0800320b   0x00000002   Data   RW         3326    .data               usart.o
    0x20000085   0x0800320d   0x00000003   PAD
    0x20000088   0x08003210   0x00000024   Data   RW         3505    .data               pid.o
    0x200000ac   0x08003234   0x00000010   Data   RW         3633    .data               openmv.o
    0x200000bc   0x08003244   0x00000007   Data   RW         3775    .data               main.o
    0x200000c3   0x0800324b   0x00000001   PAD
    0x200000c4   0x0800324c   0x00000004   Data   RW         3953    .data               mc_w.l(errno.o)
    0x200000c8        -       0x00000064   Zero   RW         3244    .bss                timer.o
    0x2000012c        -       0x00000064   Zero   RW         3325    .bss                usart.o
    0x20000190        -       0x00000018   Zero   RW         3735    .bss                mpu6050.o
    0x200001a8        -       0x00000400   Zero   RW            1    STACK               startup_stm32f10x_md.o


==============================================================================

Image component sizes


      Code (inc. data)   RO Data    RW Data    ZI Data      Debug   Object Name

         0          0          0          0          0       4508   core_cm3.o
        94          0          0          0          0       1456   delay.o
       266         18          0          0          0       3828   iic.o
       344         18          0          0          0       4900   iic2.o
       216         32          0          7          0        947   main.o
       132         22          0          0          0     206231   misc.o
       534         40          0          0         24       3873   mpu6050.o
       984         92          0         16          0       3880   openmv.o
       522         22          0          0          0       3572   pac9685.o
       536         72          0         36          0       2004   pid.o
       260         10          0          0          0        703   pwm.o
        52          4          0          0          0        494   sensor.o
        36          8        236          0       1024        820   startup_stm32f10x_md.o
         0          0          0          0          0       1672   stm32f10x_adc.o
       458          6          0          0          0      13258   stm32f10x_gpio.o
        26          0          0          0          0       3882   stm32f10x_it.o
       276         32          0         20          0      13070   stm32f10x_rcc.o
      1912        200          0          0          0      39538   stm32f10x_tim.o
       456          6          0          0          0      12038   stm32f10x_usart.o
       328         28          0          0          0      45341   system_stm32f10x.o
       256         50          0          0          0       1968   tb6612.o
       890         90          0        111        100       4859   timer.o
       576         48          0          2        100       2959   usart.o

    ----------------------------------------------------------------------
      9180        798        268        196       1248     375801   Object Totals
         0          0         32          0          0          0   (incl. Generated)
        26          0          0          4          0          0   (incl. Padding)

    ----------------------------------------------------------------------

      Code (inc. data)   RO Data    RW Data    ZI Data      Debug   Library Member Name

       636         62         80          0          0        188   acos.o
        18          0          0          0          0        136   dunder.o
       170          0          0          0          0         96   poly.o
        76          0          0          0          0         84   sqrt.o
         0          0          0          0          0          0   entry.o
         0          0          0          0          0          0   entry10a.o
         0          0          0          0          0          0   entry11a.o
         4          0          0          0          0          0   entry12b.o
         8          4          0          0          0          0   entry2.o
         4          0          0          0          0          0   entry5.o
         0          0          0          0          0          0   entry7b.o
         0          0          0          0          0          0   entry8b.o
         8          4          0          0          0          0   entry9a.o
        12          6          0          4          0         68   errno.o
        30          0          0          0          0          0   handlers.o
        36          8          0          0          0         68   init.o
         0          0          0          0          0          0   iusefp.o
        30          0          0          0          0         68   llshl.o
        36          0          0          0          0         68   llsshr.o
        32          0          0          0          0         68   llushr.o
        28          0          0          0          0         76   strcmp.o
        18          0          0          0          0         68   strcpy.o
        48          0          0          0          0         68   cdcmple.o
        48          0          0          0          0         68   cdrcmple.o
       334          0          0          0          0        148   dadd.o
       222          0          0          0          0        100   ddiv.o
       186          0          0          0          0        176   depilogue.o
        50          0          0          0          0         76   dfixui.o
        34          0          0          0          0         76   dflti.o
        26          0          0          0          0         76   dfltui.o
       228          0          0          0          0         96   dmul.o
        46          0          0          0          0         80   dscalb.o
       162          0          0          0          0        100   dsqrt.o
       176          0          0          0          0        140   fadd.o
       124          0          0          0          0         88   fdiv.o
       110          0          0          0          0        168   fepilogue.o
        50          0          0          0          0         68   ffixi.o
        40          0          0          0          0         68   ffixui.o
        18          0          0          0          0         68   fflti.o
       100          0          0          0          0         76   fmul.o

    ----------------------------------------------------------------------
      3152         84         80          4          0       2728   Library Totals
         4          0          0          0          0          0   (incl. Padding)

    ----------------------------------------------------------------------

      Code (inc. data)   RO Data    RW Data    ZI Data      Debug   Library Name

       900         62         80          0          0        504   m_ws.l
       246         22          0          4          0        484   mc_w.l
      2002          0          0          0          0       1740   mf_w.l

    ----------------------------------------------------------------------
      3152         84         80          4          0       2728   Library Totals

    ----------------------------------------------------------------------

==============================================================================


      Code (inc. data)   RO Data    RW Data    ZI Data      Debug   

     12332        882        348        200       1248     371401   Grand Totals
     12332        882        348        200       1248     371401   ELF Image Totals
     12332        882        348        200          0          0   ROM Totals

==============================================================================

    Total RO  Size (Code + RO Data)                12680 (  12.38kB)
    Total RW  Size (RW Data + ZI Data)              1448 (   1.41kB)
    Total ROM Size (Code + RO Data + RW Data)      12880 (  12.58kB)

==============================================================================

